Archive member included because of file (symbol)

/opt/altera/13.0sp1/nios2eds/bin/gnu/H-i686-pc-linux-gnu/bin/../lib/gcc/nios2-elf/4.1.2/mno-hw-mul/libgcc.a(lib2-mul.o)
                              obj/default/src_1/cpu_1.o (__mulsi3)
../../bsp/mpsoc_hello_mpsoc_1//libhal_bsp.a(alt_load.o)
                              ../../bsp/mpsoc_hello_mpsoc_1//obj/HAL/src/crt0.o (alt_load)
../../bsp/mpsoc_hello_mpsoc_1//libhal_bsp.a(alt_main.o)
                              ../../bsp/mpsoc_hello_mpsoc_1//obj/HAL/src/crt0.o (alt_main)
../../bsp/mpsoc_hello_mpsoc_1//libhal_bsp.a(alt_sys_init.o)
                              ../../bsp/mpsoc_hello_mpsoc_1//libhal_bsp.a(alt_main.o) (alt_sys_init)
../../bsp/mpsoc_hello_mpsoc_1//libhal_bsp.a(altera_avalon_mutex.o)
                              ../../bsp/mpsoc_hello_mpsoc_1//libhal_bsp.a(alt_sys_init.o) (alt_mutex_list)
../../bsp/mpsoc_hello_mpsoc_1//libhal_bsp.a(alt_dcache_flush_all.o)
                              ../../bsp/mpsoc_hello_mpsoc_1//libhal_bsp.a(alt_load.o) (alt_dcache_flush_all)
../../bsp/mpsoc_hello_mpsoc_1//libhal_bsp.a(alt_dev_llist_insert.o)
                              ../../bsp/mpsoc_hello_mpsoc_1//libhal_bsp.a(alt_sys_init.o) (alt_dev_llist_insert)
../../bsp/mpsoc_hello_mpsoc_1//libhal_bsp.a(alt_errno.o)
                              ../../bsp/mpsoc_hello_mpsoc_1//libhal_bsp.a(altera_avalon_mutex.o) (alt_errno)
../../bsp/mpsoc_hello_mpsoc_1//libhal_bsp.a(alt_find_dev.o)
                              ../../bsp/mpsoc_hello_mpsoc_1//libhal_bsp.a(altera_avalon_mutex.o) (alt_find_dev)
../../bsp/mpsoc_hello_mpsoc_1//libhal_bsp.a(alt_icache_flush_all.o)
                              ../../bsp/mpsoc_hello_mpsoc_1//libhal_bsp.a(alt_load.o) (alt_icache_flush_all)
../../bsp/mpsoc_hello_mpsoc_1//libhal_bsp.a(altera_nios2_qsys_irq.o)
                              ../../bsp/mpsoc_hello_mpsoc_1//libhal_bsp.a(alt_sys_init.o) (altera_nios2_qsys_irq_init)
/opt/altera/13.0sp1/nios2eds/bin/gnu/H-i686-pc-linux-gnu/bin/../lib/gcc/nios2-elf/4.1.2/../../../../nios2-elf/lib/mno-hw-mul/libsmallc.a(lib_a-int_errno.o)
                              ../../bsp/mpsoc_hello_mpsoc_1//libhal_bsp.a(altera_avalon_mutex.o) (errno)
/opt/altera/13.0sp1/nios2eds/bin/gnu/H-i686-pc-linux-gnu/bin/../lib/gcc/nios2-elf/4.1.2/../../../../nios2-elf/lib/mno-hw-mul/libsmallc.a(lib_a-memcmp.o)
                              ../../bsp/mpsoc_hello_mpsoc_1//libhal_bsp.a(alt_find_dev.o) (memcmp)
/opt/altera/13.0sp1/nios2eds/bin/gnu/H-i686-pc-linux-gnu/bin/../lib/gcc/nios2-elf/4.1.2/../../../../nios2-elf/lib/mno-hw-mul/libsmallc.a(lib_a-strlen.o)
                              ../../bsp/mpsoc_hello_mpsoc_1//libhal_bsp.a(alt_find_dev.o) (strlen)

Allocating common symbols
Common symbol       size              file

errno               0x4               /opt/altera/13.0sp1/nios2eds/bin/gnu/H-i686-pc-linux-gnu/bin/../lib/gcc/nios2-elf/4.1.2/../../../../nios2-elf/lib/mno-hw-mul/libsmallc.a(lib_a-int_errno.o)

Memory Configuration

Name             Origin             Length             Attributes
reset            0x00002000         0x00000020
onchip_1         0x00002020         0x00001fe0
shared_onchip    0x00102000         0x00002000
*default*        0x00000000         0xffffffff

Linker script and memory map

LOAD ../../bsp/mpsoc_hello_mpsoc_1//obj/HAL/src/crt0.o
                0x0000200c                exit = _exit
LOAD obj/default/src_1/cpu_1.o
LOAD obj/default/src_1/delay_asm.o
LOAD /opt/altera/13.0sp1/nios2eds/bin/gnu/H-i686-pc-linux-gnu/bin/../lib/gcc/nios2-elf/4.1.2/../../../../nios2-elf/lib/mno-hw-mul/libstdc++.a
LOAD /opt/altera/13.0sp1/nios2eds/bin/gnu/H-i686-pc-linux-gnu/bin/../lib/gcc/nios2-elf/4.1.2/../../../../nios2-elf/lib/mno-hw-mul/libm.a
LOAD /opt/altera/13.0sp1/nios2eds/bin/gnu/H-i686-pc-linux-gnu/bin/../lib/gcc/nios2-elf/4.1.2/mno-hw-mul/libgcc.a
START GROUP
LOAD /opt/altera/13.0sp1/nios2eds/bin/gnu/H-i686-pc-linux-gnu/bin/../lib/gcc/nios2-elf/4.1.2/../../../../nios2-elf/lib/mno-hw-mul/libsmallc.a
LOAD /opt/altera/13.0sp1/nios2eds/bin/gnu/H-i686-pc-linux-gnu/bin/../lib/gcc/nios2-elf/4.1.2/mno-hw-mul/libgcc.a
LOAD ../../bsp/mpsoc_hello_mpsoc_1//libhal_bsp.a
END GROUP
LOAD /opt/altera/13.0sp1/nios2eds/bin/gnu/H-i686-pc-linux-gnu/bin/../lib/gcc/nios2-elf/4.1.2/mno-hw-mul/libgcc.a
                0x00002000                __alt_mem_onchip_1 = 0x2000
                0x00102000                __alt_mem_shared_onchip = 0x102000

.entry          0x00002000       0x20
 *(.entry)
 .entry         0x00002000       0x20 ../../bsp/mpsoc_hello_mpsoc_1//obj/HAL/src/crt0.o
                0x00002000                __reset
                0x0000200c                _exit

.exceptions     0x00002020        0x0
                0x00002020                PROVIDE (__ram_exceptions_start, ABSOLUTE (.))
                0x00002020                . = ALIGN (0x20)
 *(.irq)
 *(.exceptions.entry.label)
 *(.exceptions.entry.user)
 *(.exceptions.entry)
 *(.exceptions.irqtest.user)
 *(.exceptions.irqtest)
 *(.exceptions.irqhandler.user)
 *(.exceptions.irqhandler)
 *(.exceptions.irqreturn.user)
 *(.exceptions.irqreturn)
 *(.exceptions.notirq.label)
 *(.exceptions.notirq.user)
 *(.exceptions.notirq)
 *(.exceptions.soft.user)
 *(.exceptions.soft)
 *(.exceptions.unknown.user)
 *(.exceptions.unknown)
 *(.exceptions.exit.label)
 *(.exceptions.exit.user)
 *(.exceptions.exit)
 *(.exceptions)
                0x00002020                PROVIDE (__ram_exceptions_end, ABSOLUTE (.))
                0x00002020                PROVIDE (__flash_exceptions_start, LOADADDR (.exceptions))

.text           0x00002020      0x5b4
                0x00002020                PROVIDE (stext, ABSOLUTE (.))
 *(.interp)
 *(.hash)
 *(.dynsym)
 *(.dynstr)
 *(.gnu.version)
 *(.gnu.version_d)
 *(.gnu.version_r)
 *(.rel.init)
 *(.rela.init)
 *(.rel.text .rel.text.* .rel.gnu.linkonce.t.*)
 *(.rela.text .rela.text.* .rela.gnu.linkonce.t.*)
 *(.rel.fini)
 *(.rela.fini)
 *(.rel.rodata .rel.rodata.* .rel.gnu.linkonce.r.*)
 *(.rela.rodata .rela.rodata.* .rela.gnu.linkonce.r.*)
 *(.rel.data .rel.data.* .rel.gnu.linkonce.d.*)
 *(.rela.data .rela.data.* .rela.gnu.linkonce.d.*)
 *(.rel.tdata .rel.tdata.* .rel.gnu.linkonce.td.*)
 *(.rela.tdata .rela.tdata.* .rela.gnu.linkonce.td.*)
 *(.rel.tbss .rel.tbss.* .rel.gnu.linkonce.tb.*)
 *(.rela.tbss .rela.tbss.* .rela.gnu.linkonce.tb.*)
 *(.rel.ctors)
 *(.rela.ctors)
 *(.rel.dtors)
 *(.rela.dtors)
 *(.rel.got)
 *(.rela.got)
 *(.rel.sdata .rel.sdata.* .rel.gnu.linkonce.s.*)
 *(.rela.sdata .rela.sdata.* .rela.gnu.linkonce.s.*)
 *(.rel.sbss .rel.sbss.* .rel.gnu.linkonce.sb.*)
 *(.rela.sbss .rela.sbss.* .rela.gnu.linkonce.sb.*)
 *(.rel.sdata2 .rel.sdata2.* .rel.gnu.linkonce.s2.*)
 *(.rela.sdata2 .rela.sdata2.* .rela.gnu.linkonce.s2.*)
 *(.rel.sbss2 .rel.sbss2.* .rel.gnu.linkonce.sb2.*)
 *(.rela.sbss2 .rela.sbss2.* .rela.gnu.linkonce.sb2.*)
 *(.rel.bss .rel.bss.* .rel.gnu.linkonce.b.*)
 *(.rela.bss .rela.bss.* .rela.gnu.linkonce.b.*)
 *(.rel.plt)
 *(.rela.plt)
 *(.rel.dyn)
 *(.init)
 *(.plt)
 *(.text .stub .text.* .gnu.linkonce.t.*)
 .text          0x00002020       0x3c ../../bsp/mpsoc_hello_mpsoc_1//obj/HAL/src/crt0.o
                0x00002020                _start
 .text          0x0000205c      0x188 obj/default/src_1/cpu_1.o
                0x0000205c                main
 .text          0x000021e4       0x20 obj/default/src_1/delay_asm.o
                0x000021e4                delay
 .text          0x00002204       0x38 /opt/altera/13.0sp1/nios2eds/bin/gnu/H-i686-pc-linux-gnu/bin/../lib/gcc/nios2-elf/4.1.2/mno-hw-mul/libgcc.a(lib2-mul.o)
                0x00002204                __mulsi3
 .text          0x0000223c       0x8c ../../bsp/mpsoc_hello_mpsoc_1//libhal_bsp.a(alt_load.o)
                0x0000225c                alt_load
 .text          0x000022c8       0x2c ../../bsp/mpsoc_hello_mpsoc_1//libhal_bsp.a(alt_main.o)
                0x000022c8                alt_main
 .text          0x000022f4       0x78 ../../bsp/mpsoc_hello_mpsoc_1//libhal_bsp.a(alt_sys_init.o)
                0x00002300                alt_sys_init
                0x0000234c                alt_irq_init
 .text          0x0000236c      0x11c ../../bsp/mpsoc_hello_mpsoc_1//libhal_bsp.a(altera_avalon_mutex.o)
                0x0000236c                altera_avalon_mutex_close
                0x00002370                altera_avalon_mutex_first_lock
                0x00002380                altera_avalon_mutex_is_mine
                0x000023a8                altera_avalon_mutex_unlock
                0x000023f0                altera_avalon_mutex_open
                0x00002448                altera_avalon_mutex_lock
                0x00002484                altera_avalon_mutex_trylock
 .text          0x00002488        0x4 ../../bsp/mpsoc_hello_mpsoc_1//libhal_bsp.a(alt_dcache_flush_all.o)
                0x00002488                alt_dcache_flush_all
 .text          0x0000248c       0x70 ../../bsp/mpsoc_hello_mpsoc_1//libhal_bsp.a(alt_dev_llist_insert.o)
                0x0000248c                alt_dev_llist_insert
 .text          0x000024fc        0x0 ../../bsp/mpsoc_hello_mpsoc_1//libhal_bsp.a(alt_errno.o)
 .text          0x000024fc       0x70 ../../bsp/mpsoc_hello_mpsoc_1//libhal_bsp.a(alt_find_dev.o)
                0x000024fc                alt_find_dev
 .text          0x0000256c        0x4 ../../bsp/mpsoc_hello_mpsoc_1//libhal_bsp.a(alt_icache_flush_all.o)
                0x0000256c                alt_icache_flush_all
 .text          0x00002570        0x8 ../../bsp/mpsoc_hello_mpsoc_1//libhal_bsp.a(altera_nios2_qsys_irq.o)
                0x00002570                altera_nios2_qsys_irq_init
 .text          0x00002578        0x0 /opt/altera/13.0sp1/nios2eds/bin/gnu/H-i686-pc-linux-gnu/bin/../lib/gcc/nios2-elf/4.1.2/../../../../nios2-elf/lib/mno-hw-mul/libsmallc.a(lib_a-int_errno.o)
 .text          0x00002578       0x3c /opt/altera/13.0sp1/nios2eds/bin/gnu/H-i686-pc-linux-gnu/bin/../lib/gcc/nios2-elf/4.1.2/../../../../nios2-elf/lib/mno-hw-mul/libsmallc.a(lib_a-memcmp.o)
                0x00002578                memcmp
 .text          0x000025b4       0x20 /opt/altera/13.0sp1/nios2eds/bin/gnu/H-i686-pc-linux-gnu/bin/../lib/gcc/nios2-elf/4.1.2/../../../../nios2-elf/lib/mno-hw-mul/libsmallc.a(lib_a-strlen.o)
                0x000025b4                strlen
 *(.gnu.warning.*)
 *(.fini)
                0x000025d4                PROVIDE (__etext, ABSOLUTE (.))
                0x000025d4                PROVIDE (_etext, ABSOLUTE (.))
                0x000025d4                PROVIDE (etext, ABSOLUTE (.))
 *(.eh_frame_hdr)
                0x000025d4                . = ALIGN (0x4)
                0x000025d4                PROVIDE (__preinit_array_start, ABSOLUTE (.))
 *(.preinit_array)
                0x000025d4                PROVIDE (__preinit_array_end, ABSOLUTE (.))
                0x000025d4                PROVIDE (__init_array_start, ABSOLUTE (.))
 *(.init_array)
                0x000025d4                PROVIDE (__init_array_end, ABSOLUTE (.))
                0x000025d4                PROVIDE (__fini_array_start, ABSOLUTE (.))
 *(.fini_array)
                0x000025d4                PROVIDE (__fini_array_end, ABSOLUTE (.))
 *(.eh_frame)
 *(.gcc_except_table)
 *(.dynamic)
                0x000025d4                PROVIDE (__CTOR_LIST__, ABSOLUTE (.))
 *(.ctors)
 *(SORT(.ctors.*))
                0x000025d4                PROVIDE (__CTOR_END__, ABSOLUTE (.))
                0x000025d4                PROVIDE (__DTOR_LIST__, ABSOLUTE (.))
 *(.dtors)
 *(SORT(.dtors.*))
                0x000025d4                PROVIDE (__DTOR_END__, ABSOLUTE (.))
 *(.jcr)
                0x000025d4                . = ALIGN (0x4)

.rodata         0x000025d4       0x50
                0x000025d4                PROVIDE (__ram_rodata_start, ABSOLUTE (.))
                0x000025d4                . = ALIGN (0x4)
 *(.rodata .rodata.* .gnu.linkonce.r.*)
 .rodata.str1.4
                0x000025d4       0x50 ../../bsp/mpsoc_hello_mpsoc_1//libhal_bsp.a(alt_sys_init.o)
 *(.rodata1)
                0x00002624                . = ALIGN (0x4)
                0x00002624                PROVIDE (__ram_rodata_end, ABSOLUTE (.))
                0x000025d4                PROVIDE (__flash_rodata_start, LOADADDR (.rodata))

.rwdata         0x00002624       0x6c load address 0x00002690
                0x00002624                PROVIDE (__ram_rwdata_start, ABSOLUTE (.))
                0x00002624                . = ALIGN (0x4)
 *(.got.plt)
 *(.got)
 *(.data1)
 *(.data .data.* .gnu.linkonce.d.*)
 .data          0x00002624        0x0 ../../bsp/mpsoc_hello_mpsoc_1//obj/HAL/src/crt0.o
 .data          0x00002624        0x0 obj/default/src_1/cpu_1.o
 .data          0x00002624        0x0 obj/default/src_1/delay_asm.o
 .data          0x00002624        0x0 /opt/altera/13.0sp1/nios2eds/bin/gnu/H-i686-pc-linux-gnu/bin/../lib/gcc/nios2-elf/4.1.2/mno-hw-mul/libgcc.a(lib2-mul.o)
 .data          0x00002624        0x0 ../../bsp/mpsoc_hello_mpsoc_1//libhal_bsp.a(alt_load.o)
 .data          0x00002624        0x0 ../../bsp/mpsoc_hello_mpsoc_1//libhal_bsp.a(alt_main.o)
 .data          0x00002624       0x50 ../../bsp/mpsoc_hello_mpsoc_1//libhal_bsp.a(alt_sys_init.o)
 .data          0x00002674        0x0 ../../bsp/mpsoc_hello_mpsoc_1//libhal_bsp.a(altera_avalon_mutex.o)
 .data          0x00002674        0x0 ../../bsp/mpsoc_hello_mpsoc_1//libhal_bsp.a(alt_dcache_flush_all.o)
 .data          0x00002674        0x0 ../../bsp/mpsoc_hello_mpsoc_1//libhal_bsp.a(alt_dev_llist_insert.o)
 .data          0x00002674        0x0 ../../bsp/mpsoc_hello_mpsoc_1//libhal_bsp.a(alt_errno.o)
 .data          0x00002674        0x0 ../../bsp/mpsoc_hello_mpsoc_1//libhal_bsp.a(alt_find_dev.o)
 .data          0x00002674        0x0 ../../bsp/mpsoc_hello_mpsoc_1//libhal_bsp.a(alt_icache_flush_all.o)
 .data          0x00002674        0x0 ../../bsp/mpsoc_hello_mpsoc_1//libhal_bsp.a(altera_nios2_qsys_irq.o)
 .data          0x00002674        0x0 /opt/altera/13.0sp1/nios2eds/bin/gnu/H-i686-pc-linux-gnu/bin/../lib/gcc/nios2-elf/4.1.2/../../../../nios2-elf/lib/mno-hw-mul/libsmallc.a(lib_a-int_errno.o)
 .data          0x00002674        0x0 /opt/altera/13.0sp1/nios2eds/bin/gnu/H-i686-pc-linux-gnu/bin/../lib/gcc/nios2-elf/4.1.2/../../../../nios2-elf/lib/mno-hw-mul/libsmallc.a(lib_a-memcmp.o)
 .data          0x00002674        0x0 /opt/altera/13.0sp1/nios2eds/bin/gnu/H-i686-pc-linux-gnu/bin/../lib/gcc/nios2-elf/4.1.2/../../../../nios2-elf/lib/mno-hw-mul/libsmallc.a(lib_a-strlen.o)
                0x0000a674                _gp = ABSOLUTE ((. + 0x8000))
                0x0000a674                PROVIDE (gp, _gp)
 *(.rwdata .rwdata.*)
 *(.sdata .sdata.* .gnu.linkonce.s.*)
 .sdata         0x00002674        0xc obj/default/src_1/cpu_1.o
                0x00002674                flag_offset_2
                0x00002678                mem_offset_1
                0x0000267c                mem_offset_2
 .sdata         0x00002680        0x4 ../../bsp/mpsoc_hello_mpsoc_1//libhal_bsp.a(alt_sys_init.o)
                0x00002680                jtag_uart_1
 .sdata         0x00002684        0x8 ../../bsp/mpsoc_hello_mpsoc_1//libhal_bsp.a(altera_avalon_mutex.o)
                0x00002684                alt_mutex_list
 .sdata         0x0000268c        0x4 ../../bsp/mpsoc_hello_mpsoc_1//libhal_bsp.a(alt_errno.o)
                0x0000268c                alt_errno
 *(.sdata2 .sdata2.* .gnu.linkonce.s2.*)
                0x00002690                . = ALIGN (0x4)
                0x00002690                _edata = ABSOLUTE (.)
                0x00002690                PROVIDE (edata, ABSOLUTE (.))
                0x00002690                PROVIDE (__ram_rwdata_end, ABSOLUTE (.))
                0x00002690                PROVIDE (__flash_rwdata_start, LOADADDR (.rwdata))

.bss            0x000026fc       0x14
                0x000026fc                __bss_start = ABSOLUTE (.)
                0x000026fc                PROVIDE (__sbss_start, ABSOLUTE (.))
                0x000026fc                PROVIDE (___sbss_start, ABSOLUTE (.))
 *(.dynsbss)
 *(.sbss .sbss.* .gnu.linkonce.sb.*)
 .sbss          0x000026fc        0x4 obj/default/src_1/cpu_1.o
                0x000026fc                flag_offset_1
 .sbss          0x00002700        0xc ../../bsp/mpsoc_hello_mpsoc_1//libhal_bsp.a(alt_main.o)
                0x00002700                alt_argc
                0x00002704                alt_argv
                0x00002708                alt_envp
 .sbss          0x0000270c        0x4 /opt/altera/13.0sp1/nios2eds/bin/gnu/H-i686-pc-linux-gnu/bin/../lib/gcc/nios2-elf/4.1.2/../../../../nios2-elf/lib/mno-hw-mul/libsmallc.a(lib_a-int_errno.o)
                0x0000270c                errno
 *(.sbss2 .sbss2.* .gnu.linkonce.sb2.*)
 *(.scommon)
                0x00002710                PROVIDE (__sbss_end, ABSOLUTE (.))
                0x00002710                PROVIDE (___sbss_end, ABSOLUTE (.))
 *(.dynbss)
 *(.bss .bss.* .gnu.linkonce.b.*)
 .bss           0x00002710        0x0 ../../bsp/mpsoc_hello_mpsoc_1//obj/HAL/src/crt0.o
 .bss           0x00002710        0x0 obj/default/src_1/cpu_1.o
 .bss           0x00002710        0x0 obj/default/src_1/delay_asm.o
 .bss           0x00002710        0x0 /opt/altera/13.0sp1/nios2eds/bin/gnu/H-i686-pc-linux-gnu/bin/../lib/gcc/nios2-elf/4.1.2/mno-hw-mul/libgcc.a(lib2-mul.o)
 .bss           0x00002710        0x0 ../../bsp/mpsoc_hello_mpsoc_1//libhal_bsp.a(alt_load.o)
 .bss           0x00002710        0x0 ../../bsp/mpsoc_hello_mpsoc_1//libhal_bsp.a(alt_main.o)
 .bss           0x00002710        0x0 ../../bsp/mpsoc_hello_mpsoc_1//libhal_bsp.a(alt_sys_init.o)
 .bss           0x00002710        0x0 ../../bsp/mpsoc_hello_mpsoc_1//libhal_bsp.a(altera_avalon_mutex.o)
 .bss           0x00002710        0x0 ../../bsp/mpsoc_hello_mpsoc_1//libhal_bsp.a(alt_dcache_flush_all.o)
 .bss           0x00002710        0x0 ../../bsp/mpsoc_hello_mpsoc_1//libhal_bsp.a(alt_dev_llist_insert.o)
 .bss           0x00002710        0x0 ../../bsp/mpsoc_hello_mpsoc_1//libhal_bsp.a(alt_errno.o)
 .bss           0x00002710        0x0 ../../bsp/mpsoc_hello_mpsoc_1//libhal_bsp.a(alt_find_dev.o)
 .bss           0x00002710        0x0 ../../bsp/mpsoc_hello_mpsoc_1//libhal_bsp.a(alt_icache_flush_all.o)
 .bss           0x00002710        0x0 ../../bsp/mpsoc_hello_mpsoc_1//libhal_bsp.a(altera_nios2_qsys_irq.o)
 .bss           0x00002710        0x0 /opt/altera/13.0sp1/nios2eds/bin/gnu/H-i686-pc-linux-gnu/bin/../lib/gcc/nios2-elf/4.1.2/../../../../nios2-elf/lib/mno-hw-mul/libsmallc.a(lib_a-int_errno.o)
 .bss           0x00002710        0x0 /opt/altera/13.0sp1/nios2eds/bin/gnu/H-i686-pc-linux-gnu/bin/../lib/gcc/nios2-elf/4.1.2/../../../../nios2-elf/lib/mno-hw-mul/libsmallc.a(lib_a-memcmp.o)
 .bss           0x00002710        0x0 /opt/altera/13.0sp1/nios2eds/bin/gnu/H-i686-pc-linux-gnu/bin/../lib/gcc/nios2-elf/4.1.2/../../../../nios2-elf/lib/mno-hw-mul/libsmallc.a(lib_a-strlen.o)
 *(COMMON)
                0x00002710                . = ALIGN (0x4)
                0x00002710                __bss_end = ABSOLUTE (.)

.onchip_1       0x00002710        0x0
                0x00002710                PROVIDE (_alt_partition_onchip_1_start, ABSOLUTE (.))
 *(.onchip_1. onchip_1.*)
                0x00002710                . = ALIGN (0x4)
                0x00002710                PROVIDE (_alt_partition_onchip_1_end, ABSOLUTE (.))
                0x00002710                _end = ABSOLUTE (.)
                0x00002710                end = ABSOLUTE (.)
                0x00002710                __alt_stack_base = ABSOLUTE (.)
                0x00002710                PROVIDE (_alt_partition_onchip_1_load_addr, LOADADDR (.onchip_1))

.shared_onchip  0x00102000        0x0 load address 0x00002710
                0x00102000                PROVIDE (_alt_partition_shared_onchip_start, ABSOLUTE (.))
 *(.shared_onchip. shared_onchip.*)
                0x00102000                . = ALIGN (0x4)
                0x00102000                PROVIDE (_alt_partition_shared_onchip_end, ABSOLUTE (.))
                0x00002710                PROVIDE (_alt_partition_shared_onchip_load_addr, LOADADDR (.shared_onchip))

.stab
 *(.stab)

.stabstr
 *(.stabstr)

.stab.excl
 *(.stab.excl)

.stab.exclstr
 *(.stab.exclstr)

.stab.index
 *(.stab.index)

.stab.indexstr
 *(.stab.indexstr)

.comment        0x00000000       0x26
 *(.comment)
 .comment       0x00000000       0x26 obj/default/src_1/cpu_1.o
                                 0x27 (size before relaxing)
 .comment       0x00000000       0x27 /opt/altera/13.0sp1/nios2eds/bin/gnu/H-i686-pc-linux-gnu/bin/../lib/gcc/nios2-elf/4.1.2/mno-hw-mul/libgcc.a(lib2-mul.o)
 .comment       0x00000000       0x27 ../../bsp/mpsoc_hello_mpsoc_1//libhal_bsp.a(alt_load.o)
 .comment       0x00000000       0x27 ../../bsp/mpsoc_hello_mpsoc_1//libhal_bsp.a(alt_main.o)
 .comment       0x00000000       0x27 ../../bsp/mpsoc_hello_mpsoc_1//libhal_bsp.a(alt_sys_init.o)
 .comment       0x00000000       0x27 ../../bsp/mpsoc_hello_mpsoc_1//libhal_bsp.a(altera_avalon_mutex.o)
 .comment       0x00000000       0x27 ../../bsp/mpsoc_hello_mpsoc_1//libhal_bsp.a(alt_dcache_flush_all.o)
 .comment       0x00000000       0x27 ../../bsp/mpsoc_hello_mpsoc_1//libhal_bsp.a(alt_dev_llist_insert.o)
 .comment       0x00000000       0x27 ../../bsp/mpsoc_hello_mpsoc_1//libhal_bsp.a(alt_errno.o)
 .comment       0x00000000       0x27 ../../bsp/mpsoc_hello_mpsoc_1//libhal_bsp.a(alt_find_dev.o)
 .comment       0x00000000       0x27 ../../bsp/mpsoc_hello_mpsoc_1//libhal_bsp.a(alt_icache_flush_all.o)
 .comment       0x00000000       0x27 ../../bsp/mpsoc_hello_mpsoc_1//libhal_bsp.a(altera_nios2_qsys_irq.o)
 .comment       0x00000000       0x27 /opt/altera/13.0sp1/nios2eds/bin/gnu/H-i686-pc-linux-gnu/bin/../lib/gcc/nios2-elf/4.1.2/../../../../nios2-elf/lib/mno-hw-mul/libsmallc.a(lib_a-int_errno.o)
 .comment       0x00000000       0x27 /opt/altera/13.0sp1/nios2eds/bin/gnu/H-i686-pc-linux-gnu/bin/../lib/gcc/nios2-elf/4.1.2/../../../../nios2-elf/lib/mno-hw-mul/libsmallc.a(lib_a-memcmp.o)
 .comment       0x00000000       0x27 /opt/altera/13.0sp1/nios2eds/bin/gnu/H-i686-pc-linux-gnu/bin/../lib/gcc/nios2-elf/4.1.2/../../../../nios2-elf/lib/mno-hw-mul/libsmallc.a(lib_a-strlen.o)

.debug
 *(.debug)

.line
 *(.line)

.debug_srcinfo
 *(.debug_srcinfo)

.debug_sfnames
 *(.debug_sfnames)

.debug_aranges  0x00000000      0x1e8
 *(.debug_aranges)
 .debug_aranges
                0x00000000       0x28 ../../bsp/mpsoc_hello_mpsoc_1//obj/HAL/src/crt0.o
 .debug_aranges
                0x00000028       0x20 obj/default/src_1/cpu_1.o
 .debug_aranges
                0x00000048       0x20 obj/default/src_1/delay_asm.o
 .debug_aranges
                0x00000068       0x20 /opt/altera/13.0sp1/nios2eds/bin/gnu/H-i686-pc-linux-gnu/bin/../lib/gcc/nios2-elf/4.1.2/mno-hw-mul/libgcc.a(lib2-mul.o)
 .debug_aranges
                0x00000088       0x20 ../../bsp/mpsoc_hello_mpsoc_1//libhal_bsp.a(alt_load.o)
 .debug_aranges
                0x000000a8       0x20 ../../bsp/mpsoc_hello_mpsoc_1//libhal_bsp.a(alt_main.o)
 .debug_aranges
                0x000000c8       0x20 ../../bsp/mpsoc_hello_mpsoc_1//libhal_bsp.a(alt_sys_init.o)
 .debug_aranges
                0x000000e8       0x20 ../../bsp/mpsoc_hello_mpsoc_1//libhal_bsp.a(altera_avalon_mutex.o)
 .debug_aranges
                0x00000108       0x20 ../../bsp/mpsoc_hello_mpsoc_1//libhal_bsp.a(alt_dcache_flush_all.o)
 .debug_aranges
                0x00000128       0x20 ../../bsp/mpsoc_hello_mpsoc_1//libhal_bsp.a(alt_dev_llist_insert.o)
 .debug_aranges
                0x00000148       0x20 ../../bsp/mpsoc_hello_mpsoc_1//libhal_bsp.a(alt_find_dev.o)
 .debug_aranges
                0x00000168       0x20 ../../bsp/mpsoc_hello_mpsoc_1//libhal_bsp.a(alt_icache_flush_all.o)
 .debug_aranges
                0x00000188       0x20 ../../bsp/mpsoc_hello_mpsoc_1//libhal_bsp.a(altera_nios2_qsys_irq.o)
 .debug_aranges
                0x000001a8       0x20 /opt/altera/13.0sp1/nios2eds/bin/gnu/H-i686-pc-linux-gnu/bin/../lib/gcc/nios2-elf/4.1.2/../../../../nios2-elf/lib/mno-hw-mul/libsmallc.a(lib_a-memcmp.o)
 .debug_aranges
                0x000001c8       0x20 /opt/altera/13.0sp1/nios2eds/bin/gnu/H-i686-pc-linux-gnu/bin/../lib/gcc/nios2-elf/4.1.2/../../../../nios2-elf/lib/mno-hw-mul/libsmallc.a(lib_a-strlen.o)

.debug_pubnames
                0x00000000      0x373
 *(.debug_pubnames)
 .debug_pubnames
                0x00000000       0x61 obj/default/src_1/cpu_1.o
 .debug_pubnames
                0x00000061       0x1f /opt/altera/13.0sp1/nios2eds/bin/gnu/H-i686-pc-linux-gnu/bin/../lib/gcc/nios2-elf/4.1.2/mno-hw-mul/libgcc.a(lib2-mul.o)
 .debug_pubnames
                0x00000080       0x1f ../../bsp/mpsoc_hello_mpsoc_1//libhal_bsp.a(alt_load.o)
 .debug_pubnames
                0x0000009f       0x46 ../../bsp/mpsoc_hello_mpsoc_1//libhal_bsp.a(alt_main.o)
 .debug_pubnames
                0x000000e5       0x44 ../../bsp/mpsoc_hello_mpsoc_1//libhal_bsp.a(alt_sys_init.o)
 .debug_pubnames
                0x00000129       0xff ../../bsp/mpsoc_hello_mpsoc_1//libhal_bsp.a(altera_avalon_mutex.o)
 .debug_pubnames
                0x00000228       0x2b ../../bsp/mpsoc_hello_mpsoc_1//libhal_bsp.a(alt_dcache_flush_all.o)
 .debug_pubnames
                0x00000253       0x2b ../../bsp/mpsoc_hello_mpsoc_1//libhal_bsp.a(alt_dev_llist_insert.o)
 .debug_pubnames
                0x0000027e       0x20 ../../bsp/mpsoc_hello_mpsoc_1//libhal_bsp.a(alt_errno.o)
 .debug_pubnames
                0x0000029e       0x23 ../../bsp/mpsoc_hello_mpsoc_1//libhal_bsp.a(alt_find_dev.o)
 .debug_pubnames
                0x000002c1       0x2b ../../bsp/mpsoc_hello_mpsoc_1//libhal_bsp.a(alt_icache_flush_all.o)
 .debug_pubnames
                0x000002ec       0x31 ../../bsp/mpsoc_hello_mpsoc_1//libhal_bsp.a(altera_nios2_qsys_irq.o)
 .debug_pubnames
                0x0000031d       0x1c /opt/altera/13.0sp1/nios2eds/bin/gnu/H-i686-pc-linux-gnu/bin/../lib/gcc/nios2-elf/4.1.2/../../../../nios2-elf/lib/mno-hw-mul/libsmallc.a(lib_a-int_errno.o)
 .debug_pubnames
                0x00000339       0x1d /opt/altera/13.0sp1/nios2eds/bin/gnu/H-i686-pc-linux-gnu/bin/../lib/gcc/nios2-elf/4.1.2/../../../../nios2-elf/lib/mno-hw-mul/libsmallc.a(lib_a-memcmp.o)
 .debug_pubnames
                0x00000356       0x1d /opt/altera/13.0sp1/nios2eds/bin/gnu/H-i686-pc-linux-gnu/bin/../lib/gcc/nios2-elf/4.1.2/../../../../nios2-elf/lib/mno-hw-mul/libsmallc.a(lib_a-strlen.o)

.debug_info     0x00000000     0x1555
 *(.debug_info .gnu.linkonce.wi.*)
 .debug_info    0x00000000       0x6a ../../bsp/mpsoc_hello_mpsoc_1//obj/HAL/src/crt0.o
 .debug_info    0x0000006a      0x182 obj/default/src_1/cpu_1.o
 .debug_info    0x000001ec       0x69 obj/default/src_1/delay_asm.o
 .debug_info    0x00000255       0xf3 /opt/altera/13.0sp1/nios2eds/bin/gnu/H-i686-pc-linux-gnu/bin/../lib/gcc/nios2-elf/4.1.2/mno-hw-mul/libgcc.a(lib2-mul.o)
 .debug_info    0x00000348      0x12e ../../bsp/mpsoc_hello_mpsoc_1//libhal_bsp.a(alt_load.o)
 .debug_info    0x00000476      0x125 ../../bsp/mpsoc_hello_mpsoc_1//libhal_bsp.a(alt_main.o)
 .debug_info    0x0000059b      0x2cb ../../bsp/mpsoc_hello_mpsoc_1//libhal_bsp.a(alt_sys_init.o)
 .debug_info    0x00000866      0x399 ../../bsp/mpsoc_hello_mpsoc_1//libhal_bsp.a(altera_avalon_mutex.o)
 .debug_info    0x00000bff       0x8d ../../bsp/mpsoc_hello_mpsoc_1//libhal_bsp.a(alt_dcache_flush_all.o)
 .debug_info    0x00000c8c      0x1b7 ../../bsp/mpsoc_hello_mpsoc_1//libhal_bsp.a(alt_dev_llist_insert.o)
 .debug_info    0x00000e43       0xab ../../bsp/mpsoc_hello_mpsoc_1//libhal_bsp.a(alt_errno.o)
 .debug_info    0x00000eee      0x310 ../../bsp/mpsoc_hello_mpsoc_1//libhal_bsp.a(alt_find_dev.o)
 .debug_info    0x000011fe       0x8d ../../bsp/mpsoc_hello_mpsoc_1//libhal_bsp.a(alt_icache_flush_all.o)
 .debug_info    0x0000128b       0x8d ../../bsp/mpsoc_hello_mpsoc_1//libhal_bsp.a(altera_nios2_qsys_irq.o)
 .debug_info    0x00001318       0x8c /opt/altera/13.0sp1/nios2eds/bin/gnu/H-i686-pc-linux-gnu/bin/../lib/gcc/nios2-elf/4.1.2/../../../../nios2-elf/lib/mno-hw-mul/libsmallc.a(lib_a-int_errno.o)
 .debug_info    0x000013a4       0xef /opt/altera/13.0sp1/nios2eds/bin/gnu/H-i686-pc-linux-gnu/bin/../lib/gcc/nios2-elf/4.1.2/../../../../nios2-elf/lib/mno-hw-mul/libsmallc.a(lib_a-memcmp.o)
 .debug_info    0x00001493       0xc2 /opt/altera/13.0sp1/nios2eds/bin/gnu/H-i686-pc-linux-gnu/bin/../lib/gcc/nios2-elf/4.1.2/../../../../nios2-elf/lib/mno-hw-mul/libsmallc.a(lib_a-strlen.o)

.debug_abbrev   0x00000000      0x9c4
 *(.debug_abbrev)
 .debug_abbrev  0x00000000       0x12 ../../bsp/mpsoc_hello_mpsoc_1//obj/HAL/src/crt0.o
 .debug_abbrev  0x00000012       0xa7 obj/default/src_1/cpu_1.o
 .debug_abbrev  0x000000b9       0x14 obj/default/src_1/delay_asm.o
 .debug_abbrev  0x000000cd       0x7b /opt/altera/13.0sp1/nios2eds/bin/gnu/H-i686-pc-linux-gnu/bin/../lib/gcc/nios2-elf/4.1.2/mno-hw-mul/libgcc.a(lib2-mul.o)
 .debug_abbrev  0x00000148       0x97 ../../bsp/mpsoc_hello_mpsoc_1//libhal_bsp.a(alt_load.o)
 .debug_abbrev  0x000001df       0xa6 ../../bsp/mpsoc_hello_mpsoc_1//libhal_bsp.a(alt_main.o)
 .debug_abbrev  0x00000285      0x14d ../../bsp/mpsoc_hello_mpsoc_1//libhal_bsp.a(alt_sys_init.o)
 .debug_abbrev  0x000003d2      0x1a2 ../../bsp/mpsoc_hello_mpsoc_1//libhal_bsp.a(altera_avalon_mutex.o)
 .debug_abbrev  0x00000574       0x3f ../../bsp/mpsoc_hello_mpsoc_1//libhal_bsp.a(alt_dcache_flush_all.o)
 .debug_abbrev  0x000005b3      0x117 ../../bsp/mpsoc_hello_mpsoc_1//libhal_bsp.a(alt_dev_llist_insert.o)
 .debug_abbrev  0x000006ca       0x5e ../../bsp/mpsoc_hello_mpsoc_1//libhal_bsp.a(alt_errno.o)
 .debug_abbrev  0x00000728       0xed ../../bsp/mpsoc_hello_mpsoc_1//libhal_bsp.a(alt_find_dev.o)
 .debug_abbrev  0x00000815       0x3f ../../bsp/mpsoc_hello_mpsoc_1//libhal_bsp.a(alt_icache_flush_all.o)
 .debug_abbrev  0x00000854       0x3f ../../bsp/mpsoc_hello_mpsoc_1//libhal_bsp.a(altera_nios2_qsys_irq.o)
 .debug_abbrev  0x00000893       0x3b /opt/altera/13.0sp1/nios2eds/bin/gnu/H-i686-pc-linux-gnu/bin/../lib/gcc/nios2-elf/4.1.2/../../../../nios2-elf/lib/mno-hw-mul/libsmallc.a(lib_a-int_errno.o)
 .debug_abbrev  0x000008ce       0x7c /opt/altera/13.0sp1/nios2eds/bin/gnu/H-i686-pc-linux-gnu/bin/../lib/gcc/nios2-elf/4.1.2/../../../../nios2-elf/lib/mno-hw-mul/libsmallc.a(lib_a-memcmp.o)
 .debug_abbrev  0x0000094a       0x7a /opt/altera/13.0sp1/nios2eds/bin/gnu/H-i686-pc-linux-gnu/bin/../lib/gcc/nios2-elf/4.1.2/../../../../nios2-elf/lib/mno-hw-mul/libsmallc.a(lib_a-strlen.o)

.debug_line     0x00000000     0x2343
 *(.debug_line)
 .debug_line    0x00000000       0x66 ../../bsp/mpsoc_hello_mpsoc_1//obj/HAL/src/crt0.o
 .debug_line    0x00000066      0x2a2 obj/default/src_1/cpu_1.o
 .debug_line    0x00000308       0x46 obj/default/src_1/delay_asm.o
 .debug_line    0x0000034e      0x191 /opt/altera/13.0sp1/nios2eds/bin/gnu/H-i686-pc-linux-gnu/bin/../lib/gcc/nios2-elf/4.1.2/mno-hw-mul/libgcc.a(lib2-mul.o)
 .debug_line    0x000004df      0x225 ../../bsp/mpsoc_hello_mpsoc_1//libhal_bsp.a(alt_load.o)
 .debug_line    0x00000704      0x2d0 ../../bsp/mpsoc_hello_mpsoc_1//libhal_bsp.a(alt_main.o)
 .debug_line    0x000009d4      0x34c ../../bsp/mpsoc_hello_mpsoc_1//libhal_bsp.a(alt_sys_init.o)
 .debug_line    0x00000d20      0x38e ../../bsp/mpsoc_hello_mpsoc_1//libhal_bsp.a(altera_avalon_mutex.o)
 .debug_line    0x000010ae      0x1c3 ../../bsp/mpsoc_hello_mpsoc_1//libhal_bsp.a(alt_dcache_flush_all.o)
 .debug_line    0x00001271      0x26a ../../bsp/mpsoc_hello_mpsoc_1//libhal_bsp.a(alt_dev_llist_insert.o)
 .debug_line    0x000014db      0x1b8 ../../bsp/mpsoc_hello_mpsoc_1//libhal_bsp.a(alt_errno.o)
 .debug_line    0x00001693      0x26f ../../bsp/mpsoc_hello_mpsoc_1//libhal_bsp.a(alt_find_dev.o)
 .debug_line    0x00001902      0x1c3 ../../bsp/mpsoc_hello_mpsoc_1//libhal_bsp.a(alt_icache_flush_all.o)
 .debug_line    0x00001ac5      0x1dc ../../bsp/mpsoc_hello_mpsoc_1//libhal_bsp.a(altera_nios2_qsys_irq.o)
 .debug_line    0x00001ca1      0x1e2 /opt/altera/13.0sp1/nios2eds/bin/gnu/H-i686-pc-linux-gnu/bin/../lib/gcc/nios2-elf/4.1.2/../../../../nios2-elf/lib/mno-hw-mul/libsmallc.a(lib_a-int_errno.o)
 .debug_line    0x00001e83      0x270 /opt/altera/13.0sp1/nios2eds/bin/gnu/H-i686-pc-linux-gnu/bin/../lib/gcc/nios2-elf/4.1.2/../../../../nios2-elf/lib/mno-hw-mul/libsmallc.a(lib_a-memcmp.o)
 .debug_line    0x000020f3      0x250 /opt/altera/13.0sp1/nios2eds/bin/gnu/H-i686-pc-linux-gnu/bin/../lib/gcc/nios2-elf/4.1.2/../../../../nios2-elf/lib/mno-hw-mul/libsmallc.a(lib_a-strlen.o)

.debug_frame    0x00000000      0x2a0
 *(.debug_frame)
 .debug_frame   0x00000000       0x34 obj/default/src_1/cpu_1.o
 .debug_frame   0x00000034       0x20 /opt/altera/13.0sp1/nios2eds/bin/gnu/H-i686-pc-linux-gnu/bin/../lib/gcc/nios2-elf/4.1.2/mno-hw-mul/libgcc.a(lib2-mul.o)
 .debug_frame   0x00000054       0x38 ../../bsp/mpsoc_hello_mpsoc_1//libhal_bsp.a(alt_load.o)
 .debug_frame   0x0000008c       0x28 ../../bsp/mpsoc_hello_mpsoc_1//libhal_bsp.a(alt_main.o)
 .debug_frame   0x000000b4       0x50 ../../bsp/mpsoc_hello_mpsoc_1//libhal_bsp.a(alt_sys_init.o)
 .debug_frame   0x00000104       0xa4 ../../bsp/mpsoc_hello_mpsoc_1//libhal_bsp.a(altera_avalon_mutex.o)
 .debug_frame   0x000001a8       0x20 ../../bsp/mpsoc_hello_mpsoc_1//libhal_bsp.a(alt_dcache_flush_all.o)
 .debug_frame   0x000001c8       0x28 ../../bsp/mpsoc_hello_mpsoc_1//libhal_bsp.a(alt_dev_llist_insert.o)
 .debug_frame   0x000001f0       0x30 ../../bsp/mpsoc_hello_mpsoc_1//libhal_bsp.a(alt_find_dev.o)
 .debug_frame   0x00000220       0x20 ../../bsp/mpsoc_hello_mpsoc_1//libhal_bsp.a(alt_icache_flush_all.o)
 .debug_frame   0x00000240       0x20 ../../bsp/mpsoc_hello_mpsoc_1//libhal_bsp.a(altera_nios2_qsys_irq.o)
 .debug_frame   0x00000260       0x20 /opt/altera/13.0sp1/nios2eds/bin/gnu/H-i686-pc-linux-gnu/bin/../lib/gcc/nios2-elf/4.1.2/../../../../nios2-elf/lib/mno-hw-mul/libsmallc.a(lib_a-memcmp.o)
 .debug_frame   0x00000280       0x20 /opt/altera/13.0sp1/nios2eds/bin/gnu/H-i686-pc-linux-gnu/bin/../lib/gcc/nios2-elf/4.1.2/../../../../nios2-elf/lib/mno-hw-mul/libsmallc.a(lib_a-strlen.o)

.debug_str      0x00000000      0x9c0
 *(.debug_str)
 .debug_str     0x00000000      0x135 obj/default/src_1/cpu_1.o
                                0x173 (size before relaxing)
 .debug_str     0x00000135       0xd1 /opt/altera/13.0sp1/nios2eds/bin/gnu/H-i686-pc-linux-gnu/bin/../lib/gcc/nios2-elf/4.1.2/mno-hw-mul/libgcc.a(lib2-mul.o)
                                0x17a (size before relaxing)
 .debug_str     0x00000206      0x12a ../../bsp/mpsoc_hello_mpsoc_1//libhal_bsp.a(alt_load.o)
                                0x1bf (size before relaxing)
 .debug_str     0x00000330       0x75 ../../bsp/mpsoc_hello_mpsoc_1//libhal_bsp.a(alt_main.o)
                                0x143 (size before relaxing)
 .debug_str     0x000003a5      0x16f ../../bsp/mpsoc_hello_mpsoc_1//libhal_bsp.a(alt_sys_init.o)
                                0x294 (size before relaxing)
 .debug_str     0x00000514      0x109 ../../bsp/mpsoc_hello_mpsoc_1//libhal_bsp.a(altera_avalon_mutex.o)
                                0x277 (size before relaxing)
 .debug_str     0x0000061d       0x34 ../../bsp/mpsoc_hello_mpsoc_1//libhal_bsp.a(alt_dcache_flush_all.o)
                                0x102 (size before relaxing)
 .debug_str     0x00000651       0x59 ../../bsp/mpsoc_hello_mpsoc_1//libhal_bsp.a(alt_dev_llist_insert.o)
                                0x179 (size before relaxing)
 .debug_str     0x000006aa       0x14 ../../bsp/mpsoc_hello_mpsoc_1//libhal_bsp.a(alt_errno.o)
                                 0xf2 (size before relaxing)
 .debug_str     0x000006be       0x7f ../../bsp/mpsoc_hello_mpsoc_1//libhal_bsp.a(alt_find_dev.o)
                                0x199 (size before relaxing)
 .debug_str     0x0000073d       0x34 ../../bsp/mpsoc_hello_mpsoc_1//libhal_bsp.a(alt_icache_flush_all.o)
                                0x102 (size before relaxing)
 .debug_str     0x00000771       0x3b ../../bsp/mpsoc_hello_mpsoc_1//libhal_bsp.a(altera_nios2_qsys_irq.o)
                                0x109 (size before relaxing)
 .debug_str     0x000007ac       0xe1 /opt/altera/13.0sp1/nios2eds/bin/gnu/H-i686-pc-linux-gnu/bin/../lib/gcc/nios2-elf/4.1.2/../../../../nios2-elf/lib/mno-hw-mul/libsmallc.a(lib_a-int_errno.o)
                                0x17c (size before relaxing)
 .debug_str     0x0000088d       0xee /opt/altera/13.0sp1/nios2eds/bin/gnu/H-i686-pc-linux-gnu/bin/../lib/gcc/nios2-elf/4.1.2/../../../../nios2-elf/lib/mno-hw-mul/libsmallc.a(lib_a-memcmp.o)
                                0x183 (size before relaxing)
 .debug_str     0x0000097b       0x45 /opt/altera/13.0sp1/nios2eds/bin/gnu/H-i686-pc-linux-gnu/bin/../lib/gcc/nios2-elf/4.1.2/../../../../nios2-elf/lib/mno-hw-mul/libsmallc.a(lib_a-strlen.o)
                                0x189 (size before relaxing)

.debug_loc      0x00000000      0x43a
 *(.debug_loc)
 .debug_loc     0x00000000       0x98 obj/default/src_1/cpu_1.o
 .debug_loc     0x00000098       0x4f /opt/altera/13.0sp1/nios2eds/bin/gnu/H-i686-pc-linux-gnu/bin/../lib/gcc/nios2-elf/4.1.2/mno-hw-mul/libgcc.a(lib2-mul.o)
 .debug_loc     0x000000e7       0x1f ../../bsp/mpsoc_hello_mpsoc_1//libhal_bsp.a(alt_load.o)
 .debug_loc     0x00000106       0x1f ../../bsp/mpsoc_hello_mpsoc_1//libhal_bsp.a(alt_main.o)
 .debug_loc     0x00000125       0x64 ../../bsp/mpsoc_hello_mpsoc_1//libhal_bsp.a(alt_sys_init.o)
 .debug_loc     0x00000189       0xd9 ../../bsp/mpsoc_hello_mpsoc_1//libhal_bsp.a(altera_avalon_mutex.o)
 .debug_loc     0x00000262       0x5b ../../bsp/mpsoc_hello_mpsoc_1//libhal_bsp.a(alt_dev_llist_insert.o)
 .debug_loc     0x000002bd       0xef ../../bsp/mpsoc_hello_mpsoc_1//libhal_bsp.a(alt_find_dev.o)
 .debug_loc     0x000003ac       0x70 /opt/altera/13.0sp1/nios2eds/bin/gnu/H-i686-pc-linux-gnu/bin/../lib/gcc/nios2-elf/4.1.2/../../../../nios2-elf/lib/mno-hw-mul/libsmallc.a(lib_a-memcmp.o)
 .debug_loc     0x0000041c       0x1e /opt/altera/13.0sp1/nios2eds/bin/gnu/H-i686-pc-linux-gnu/bin/../lib/gcc/nios2-elf/4.1.2/../../../../nios2-elf/lib/mno-hw-mul/libsmallc.a(lib_a-strlen.o)

.debug_macinfo
 *(.debug_macinfo)

.debug_weaknames
 *(.debug_weaknames)

.debug_funcnames
 *(.debug_funcnames)

.debug_typenames
 *(.debug_typenames)

.debug_varnames
 *(.debug_varnames)

.debug_alt_sim_info
                0x00000000       0x10
 *(.debug_alt_sim_info)
 .debug_alt_sim_info
                0x00000000       0x10 ../../bsp/mpsoc_hello_mpsoc_1//obj/HAL/src/crt0.o
                0x00004000                __alt_data_end = 0x4000
                0x00004000                PROVIDE (__alt_stack_pointer, __alt_data_end)
                0x00002710                PROVIDE (__alt_stack_limit, __alt_stack_base)
                0x00002710                PROVIDE (__alt_heap_start, end)
                0x00004000                PROVIDE (__alt_heap_limit, 0x4000)
OUTPUT(hello_mpsoc_1.elf elf32-littlenios2)

.debug_ranges   0x00000000       0x38
 .debug_ranges  0x00000000       0x20 ../../bsp/mpsoc_hello_mpsoc_1//obj/HAL/src/crt0.o
 .debug_ranges  0x00000020       0x18 ../../bsp/mpsoc_hello_mpsoc_1//libhal_bsp.a(alt_dev_llist_insert.o)
