Archive member included because of file (symbol)

../../bsp/mpsoc_hello_mpsoc_3//libhal_bsp.a(alt_load.o)
                              ../../bsp/mpsoc_hello_mpsoc_3//obj/HAL/src/crt0.o (alt_load)
../../bsp/mpsoc_hello_mpsoc_3//libhal_bsp.a(alt_main.o)
                              ../../bsp/mpsoc_hello_mpsoc_3//obj/HAL/src/crt0.o (alt_main)
../../bsp/mpsoc_hello_mpsoc_3//libhal_bsp.a(alt_sys_init.o)
                              ../../bsp/mpsoc_hello_mpsoc_3//libhal_bsp.a(alt_main.o) (alt_sys_init)
../../bsp/mpsoc_hello_mpsoc_3//libhal_bsp.a(altera_avalon_mutex.o)
                              ../../bsp/mpsoc_hello_mpsoc_3//libhal_bsp.a(alt_sys_init.o) (alt_mutex_list)
../../bsp/mpsoc_hello_mpsoc_3//libhal_bsp.a(alt_dcache_flush_all.o)
                              ../../bsp/mpsoc_hello_mpsoc_3//libhal_bsp.a(alt_load.o) (alt_dcache_flush_all)
../../bsp/mpsoc_hello_mpsoc_3//libhal_bsp.a(alt_dev_llist_insert.o)
                              ../../bsp/mpsoc_hello_mpsoc_3//libhal_bsp.a(alt_sys_init.o) (alt_dev_llist_insert)
../../bsp/mpsoc_hello_mpsoc_3//libhal_bsp.a(alt_errno.o)
                              ../../bsp/mpsoc_hello_mpsoc_3//libhal_bsp.a(altera_avalon_mutex.o) (alt_errno)
../../bsp/mpsoc_hello_mpsoc_3//libhal_bsp.a(alt_find_dev.o)
                              ../../bsp/mpsoc_hello_mpsoc_3//libhal_bsp.a(altera_avalon_mutex.o) (alt_find_dev)
../../bsp/mpsoc_hello_mpsoc_3//libhal_bsp.a(alt_icache_flush_all.o)
                              ../../bsp/mpsoc_hello_mpsoc_3//libhal_bsp.a(alt_load.o) (alt_icache_flush_all)
../../bsp/mpsoc_hello_mpsoc_3//libhal_bsp.a(altera_nios2_qsys_irq.o)
                              ../../bsp/mpsoc_hello_mpsoc_3//libhal_bsp.a(alt_sys_init.o) (altera_nios2_qsys_irq_init)
/opt/altera/13.0sp1/nios2eds/bin/gnu/H-i686-pc-linux-gnu/bin/../lib/gcc/nios2-elf/4.1.2/../../../../nios2-elf/lib/mno-hw-mul/libsmallc.a(lib_a-int_errno.o)
                              ../../bsp/mpsoc_hello_mpsoc_3//libhal_bsp.a(altera_avalon_mutex.o) (errno)
/opt/altera/13.0sp1/nios2eds/bin/gnu/H-i686-pc-linux-gnu/bin/../lib/gcc/nios2-elf/4.1.2/../../../../nios2-elf/lib/mno-hw-mul/libsmallc.a(lib_a-memcmp.o)
                              ../../bsp/mpsoc_hello_mpsoc_3//libhal_bsp.a(alt_find_dev.o) (memcmp)
/opt/altera/13.0sp1/nios2eds/bin/gnu/H-i686-pc-linux-gnu/bin/../lib/gcc/nios2-elf/4.1.2/../../../../nios2-elf/lib/mno-hw-mul/libsmallc.a(lib_a-strlen.o)
                              ../../bsp/mpsoc_hello_mpsoc_3//libhal_bsp.a(alt_find_dev.o) (strlen)

Allocating common symbols
Common symbol       size              file

errno               0x4               /opt/altera/13.0sp1/nios2eds/bin/gnu/H-i686-pc-linux-gnu/bin/../lib/gcc/nios2-elf/4.1.2/../../../../nios2-elf/lib/mno-hw-mul/libsmallc.a(lib_a-int_errno.o)

Memory Configuration

Name             Origin             Length             Attributes
reset            0x00002000         0x00000020
onchip_3         0x00002020         0x00001fe0
shared_onchip    0x00102000         0x00002000
*default*        0x00000000         0xffffffff

Linker script and memory map

LOAD ../../bsp/mpsoc_hello_mpsoc_3//obj/HAL/src/crt0.o
                0x0000200c                exit = _exit
LOAD obj/default/src_3/cpu_3.o
LOAD obj/default/src_3/delay_asm.o
LOAD /opt/altera/13.0sp1/nios2eds/bin/gnu/H-i686-pc-linux-gnu/bin/../lib/gcc/nios2-elf/4.1.2/../../../../nios2-elf/lib/mno-hw-mul/libstdc++.a
LOAD /opt/altera/13.0sp1/nios2eds/bin/gnu/H-i686-pc-linux-gnu/bin/../lib/gcc/nios2-elf/4.1.2/../../../../nios2-elf/lib/mno-hw-mul/libm.a
LOAD /opt/altera/13.0sp1/nios2eds/bin/gnu/H-i686-pc-linux-gnu/bin/../lib/gcc/nios2-elf/4.1.2/mno-hw-mul/libgcc.a
START GROUP
LOAD /opt/altera/13.0sp1/nios2eds/bin/gnu/H-i686-pc-linux-gnu/bin/../lib/gcc/nios2-elf/4.1.2/../../../../nios2-elf/lib/mno-hw-mul/libsmallc.a
LOAD /opt/altera/13.0sp1/nios2eds/bin/gnu/H-i686-pc-linux-gnu/bin/../lib/gcc/nios2-elf/4.1.2/mno-hw-mul/libgcc.a
LOAD ../../bsp/mpsoc_hello_mpsoc_3//libhal_bsp.a
END GROUP
LOAD /opt/altera/13.0sp1/nios2eds/bin/gnu/H-i686-pc-linux-gnu/bin/../lib/gcc/nios2-elf/4.1.2/mno-hw-mul/libgcc.a
                0x00002000                __alt_mem_onchip_3 = 0x2000
                0x00102000                __alt_mem_shared_onchip = 0x102000

.entry          0x00002000       0x20
 *(.entry)
 .entry         0x00002000       0x20 ../../bsp/mpsoc_hello_mpsoc_3//obj/HAL/src/crt0.o
                0x00002000                __reset
                0x0000200c                _exit

.exceptions     0x00002020        0x0
                0x00002020                PROVIDE (__ram_exceptions_start, ABSOLUTE (.))
                0x00002020                . = ALIGN (0x20)
 *(.irq)
 *(.exceptions.entry.label)
 *(.exceptions.entry.user)
 *(.exceptions.entry)
 *(.exceptions.irqtest.user)
 *(.exceptions.irqtest)
 *(.exceptions.irqhandler.user)
 *(.exceptions.irqhandler)
 *(.exceptions.irqreturn.user)
 *(.exceptions.irqreturn)
 *(.exceptions.notirq.label)
 *(.exceptions.notirq.user)
 *(.exceptions.notirq)
 *(.exceptions.soft.user)
 *(.exceptions.soft)
 *(.exceptions.unknown.user)
 *(.exceptions.unknown)
 *(.exceptions.exit.label)
 *(.exceptions.exit.user)
 *(.exceptions.exit)
 *(.exceptions)
                0x00002020                PROVIDE (__ram_exceptions_end, ABSOLUTE (.))
                0x00002020                PROVIDE (__flash_exceptions_start, LOADADDR (.exceptions))

.text           0x00002020      0x6d0
                0x00002020                PROVIDE (stext, ABSOLUTE (.))
 *(.interp)
 *(.hash)
 *(.dynsym)
 *(.dynstr)
 *(.gnu.version)
 *(.gnu.version_d)
 *(.gnu.version_r)
 *(.rel.init)
 *(.rela.init)
 *(.rel.text .rel.text.* .rel.gnu.linkonce.t.*)
 *(.rela.text .rela.text.* .rela.gnu.linkonce.t.*)
 *(.rel.fini)
 *(.rela.fini)
 *(.rel.rodata .rel.rodata.* .rel.gnu.linkonce.r.*)
 *(.rela.rodata .rela.rodata.* .rela.gnu.linkonce.r.*)
 *(.rel.data .rel.data.* .rel.gnu.linkonce.d.*)
 *(.rela.data .rela.data.* .rela.gnu.linkonce.d.*)
 *(.rel.tdata .rel.tdata.* .rel.gnu.linkonce.td.*)
 *(.rela.tdata .rela.tdata.* .rela.gnu.linkonce.td.*)
 *(.rel.tbss .rel.tbss.* .rel.gnu.linkonce.tb.*)
 *(.rela.tbss .rela.tbss.* .rela.gnu.linkonce.tb.*)
 *(.rel.ctors)
 *(.rela.ctors)
 *(.rel.dtors)
 *(.rela.dtors)
 *(.rel.got)
 *(.rela.got)
 *(.rel.sdata .rel.sdata.* .rel.gnu.linkonce.s.*)
 *(.rela.sdata .rela.sdata.* .rela.gnu.linkonce.s.*)
 *(.rel.sbss .rel.sbss.* .rel.gnu.linkonce.sb.*)
 *(.rela.sbss .rela.sbss.* .rela.gnu.linkonce.sb.*)
 *(.rel.sdata2 .rel.sdata2.* .rel.gnu.linkonce.s2.*)
 *(.rela.sdata2 .rela.sdata2.* .rela.gnu.linkonce.s2.*)
 *(.rel.sbss2 .rel.sbss2.* .rel.gnu.linkonce.sb2.*)
 *(.rela.sbss2 .rela.sbss2.* .rela.gnu.linkonce.sb2.*)
 *(.rel.bss .rel.bss.* .rel.gnu.linkonce.b.*)
 *(.rela.bss .rela.bss.* .rela.gnu.linkonce.b.*)
 *(.rel.plt)
 *(.rela.plt)
 *(.rel.dyn)
 *(.init)
 *(.plt)
 *(.text .stub .text.* .gnu.linkonce.t.*)
 .text          0x00002020       0x3c ../../bsp/mpsoc_hello_mpsoc_3//obj/HAL/src/crt0.o
                0x00002020                _start
 .text          0x0000205c      0x2dc obj/default/src_3/cpu_3.o
                0x0000205c                mem_write_img
                0x00002094                mem_read_img
                0x000020cc                sobel
                0x00002234                main
 .text          0x00002338       0x20 obj/default/src_3/delay_asm.o
                0x00002338                delay
 .text          0x00002358       0x8c ../../bsp/mpsoc_hello_mpsoc_3//libhal_bsp.a(alt_load.o)
                0x00002378                alt_load
 .text          0x000023e4       0x2c ../../bsp/mpsoc_hello_mpsoc_3//libhal_bsp.a(alt_main.o)
                0x000023e4                alt_main
 .text          0x00002410       0x78 ../../bsp/mpsoc_hello_mpsoc_3//libhal_bsp.a(alt_sys_init.o)
                0x0000241c                alt_sys_init
                0x00002468                alt_irq_init
 .text          0x00002488      0x11c ../../bsp/mpsoc_hello_mpsoc_3//libhal_bsp.a(altera_avalon_mutex.o)
                0x00002488                altera_avalon_mutex_close
                0x0000248c                altera_avalon_mutex_first_lock
                0x0000249c                altera_avalon_mutex_is_mine
                0x000024c4                altera_avalon_mutex_unlock
                0x0000250c                altera_avalon_mutex_open
                0x00002564                altera_avalon_mutex_lock
                0x000025a0                altera_avalon_mutex_trylock
 .text          0x000025a4        0x4 ../../bsp/mpsoc_hello_mpsoc_3//libhal_bsp.a(alt_dcache_flush_all.o)
                0x000025a4                alt_dcache_flush_all
 .text          0x000025a8       0x70 ../../bsp/mpsoc_hello_mpsoc_3//libhal_bsp.a(alt_dev_llist_insert.o)
                0x000025a8                alt_dev_llist_insert
 .text          0x00002618        0x0 ../../bsp/mpsoc_hello_mpsoc_3//libhal_bsp.a(alt_errno.o)
 .text          0x00002618       0x70 ../../bsp/mpsoc_hello_mpsoc_3//libhal_bsp.a(alt_find_dev.o)
                0x00002618                alt_find_dev
 .text          0x00002688        0x4 ../../bsp/mpsoc_hello_mpsoc_3//libhal_bsp.a(alt_icache_flush_all.o)
                0x00002688                alt_icache_flush_all
 .text          0x0000268c        0x8 ../../bsp/mpsoc_hello_mpsoc_3//libhal_bsp.a(altera_nios2_qsys_irq.o)
                0x0000268c                altera_nios2_qsys_irq_init
 .text          0x00002694        0x0 /opt/altera/13.0sp1/nios2eds/bin/gnu/H-i686-pc-linux-gnu/bin/../lib/gcc/nios2-elf/4.1.2/../../../../nios2-elf/lib/mno-hw-mul/libsmallc.a(lib_a-int_errno.o)
 .text          0x00002694       0x3c /opt/altera/13.0sp1/nios2eds/bin/gnu/H-i686-pc-linux-gnu/bin/../lib/gcc/nios2-elf/4.1.2/../../../../nios2-elf/lib/mno-hw-mul/libsmallc.a(lib_a-memcmp.o)
                0x00002694                memcmp
 .text          0x000026d0       0x20 /opt/altera/13.0sp1/nios2eds/bin/gnu/H-i686-pc-linux-gnu/bin/../lib/gcc/nios2-elf/4.1.2/../../../../nios2-elf/lib/mno-hw-mul/libsmallc.a(lib_a-strlen.o)
                0x000026d0                strlen
 *(.gnu.warning.*)
 *(.fini)
                0x000026f0                PROVIDE (__etext, ABSOLUTE (.))
                0x000026f0                PROVIDE (_etext, ABSOLUTE (.))
                0x000026f0                PROVIDE (etext, ABSOLUTE (.))
 *(.eh_frame_hdr)
                0x000026f0                . = ALIGN (0x4)
                0x000026f0                PROVIDE (__preinit_array_start, ABSOLUTE (.))
 *(.preinit_array)
                0x000026f0                PROVIDE (__preinit_array_end, ABSOLUTE (.))
                0x000026f0                PROVIDE (__init_array_start, ABSOLUTE (.))
 *(.init_array)
                0x000026f0                PROVIDE (__init_array_end, ABSOLUTE (.))
                0x000026f0                PROVIDE (__fini_array_start, ABSOLUTE (.))
 *(.fini_array)
                0x000026f0                PROVIDE (__fini_array_end, ABSOLUTE (.))
 *(.eh_frame)
 *(.gcc_except_table)
 *(.dynamic)
                0x000026f0                PROVIDE (__CTOR_LIST__, ABSOLUTE (.))
 *(.ctors)
 *(SORT(.ctors.*))
                0x000026f0                PROVIDE (__CTOR_END__, ABSOLUTE (.))
                0x000026f0                PROVIDE (__DTOR_LIST__, ABSOLUTE (.))
 *(.dtors)
 *(SORT(.dtors.*))
                0x000026f0                PROVIDE (__DTOR_END__, ABSOLUTE (.))
 *(.jcr)
                0x000026f0                . = ALIGN (0x4)

.rodata         0x000026f0       0x50
                0x000026f0                PROVIDE (__ram_rodata_start, ABSOLUTE (.))
                0x000026f0                . = ALIGN (0x4)
 *(.rodata .rodata.* .gnu.linkonce.r.*)
 .rodata.str1.4
                0x000026f0       0x50 ../../bsp/mpsoc_hello_mpsoc_3//libhal_bsp.a(alt_sys_init.o)
 *(.rodata1)
                0x00002740                . = ALIGN (0x4)
                0x00002740                PROVIDE (__ram_rodata_end, ABSOLUTE (.))
                0x000026f0                PROVIDE (__flash_rodata_start, LOADADDR (.rodata))

.rwdata         0x00002740       0x70 load address 0x000027b0
                0x00002740                PROVIDE (__ram_rwdata_start, ABSOLUTE (.))
                0x00002740                . = ALIGN (0x4)
 *(.got.plt)
 *(.got)
 *(.data1)
 *(.data .data.* .gnu.linkonce.d.*)
 .data          0x00002740        0x0 ../../bsp/mpsoc_hello_mpsoc_3//obj/HAL/src/crt0.o
 .data          0x00002740        0x0 obj/default/src_3/cpu_3.o
 .data          0x00002740        0x0 obj/default/src_3/delay_asm.o
 .data          0x00002740        0x0 ../../bsp/mpsoc_hello_mpsoc_3//libhal_bsp.a(alt_load.o)
 .data          0x00002740        0x0 ../../bsp/mpsoc_hello_mpsoc_3//libhal_bsp.a(alt_main.o)
 .data          0x00002740       0x50 ../../bsp/mpsoc_hello_mpsoc_3//libhal_bsp.a(alt_sys_init.o)
 .data          0x00002790        0x0 ../../bsp/mpsoc_hello_mpsoc_3//libhal_bsp.a(altera_avalon_mutex.o)
 .data          0x00002790        0x0 ../../bsp/mpsoc_hello_mpsoc_3//libhal_bsp.a(alt_dcache_flush_all.o)
 .data          0x00002790        0x0 ../../bsp/mpsoc_hello_mpsoc_3//libhal_bsp.a(alt_dev_llist_insert.o)
 .data          0x00002790        0x0 ../../bsp/mpsoc_hello_mpsoc_3//libhal_bsp.a(alt_errno.o)
 .data          0x00002790        0x0 ../../bsp/mpsoc_hello_mpsoc_3//libhal_bsp.a(alt_find_dev.o)
 .data          0x00002790        0x0 ../../bsp/mpsoc_hello_mpsoc_3//libhal_bsp.a(alt_icache_flush_all.o)
 .data          0x00002790        0x0 ../../bsp/mpsoc_hello_mpsoc_3//libhal_bsp.a(altera_nios2_qsys_irq.o)
 .data          0x00002790        0x0 /opt/altera/13.0sp1/nios2eds/bin/gnu/H-i686-pc-linux-gnu/bin/../lib/gcc/nios2-elf/4.1.2/../../../../nios2-elf/lib/mno-hw-mul/libsmallc.a(lib_a-int_errno.o)
 .data          0x00002790        0x0 /opt/altera/13.0sp1/nios2eds/bin/gnu/H-i686-pc-linux-gnu/bin/../lib/gcc/nios2-elf/4.1.2/../../../../nios2-elf/lib/mno-hw-mul/libsmallc.a(lib_a-memcmp.o)
 .data          0x00002790        0x0 /opt/altera/13.0sp1/nios2eds/bin/gnu/H-i686-pc-linux-gnu/bin/../lib/gcc/nios2-elf/4.1.2/../../../../nios2-elf/lib/mno-hw-mul/libsmallc.a(lib_a-strlen.o)
                0x0000a790                _gp = ABSOLUTE ((. + 0x8000))
                0x0000a790                PROVIDE (gp, _gp)
 *(.rwdata .rwdata.*)
 *(.sdata .sdata.* .gnu.linkonce.s.*)
 .sdata         0x00002790       0x10 obj/default/src_3/cpu_3.o
                0x00002790                flag_offset_1
                0x00002794                flag_offset_2
                0x00002798                mem_offset_1
                0x0000279c                mem_offset_2
 .sdata         0x000027a0        0x4 ../../bsp/mpsoc_hello_mpsoc_3//libhal_bsp.a(alt_sys_init.o)
                0x000027a0                jtag_uart_3
 .sdata         0x000027a4        0x8 ../../bsp/mpsoc_hello_mpsoc_3//libhal_bsp.a(altera_avalon_mutex.o)
                0x000027a4                alt_mutex_list
 .sdata         0x000027ac        0x4 ../../bsp/mpsoc_hello_mpsoc_3//libhal_bsp.a(alt_errno.o)
                0x000027ac                alt_errno
 *(.sdata2 .sdata2.* .gnu.linkonce.s2.*)
                0x000027b0                . = ALIGN (0x4)
                0x000027b0                _edata = ABSOLUTE (.)
                0x000027b0                PROVIDE (edata, ABSOLUTE (.))
                0x000027b0                PROVIDE (__ram_rwdata_end, ABSOLUTE (.))
                0x000027b0                PROVIDE (__flash_rwdata_start, LOADADDR (.rwdata))

.bss            0x00002820       0x10
                0x00002820                __bss_start = ABSOLUTE (.)
                0x00002820                PROVIDE (__sbss_start, ABSOLUTE (.))
                0x00002820                PROVIDE (___sbss_start, ABSOLUTE (.))
 *(.dynsbss)
 *(.sbss .sbss.* .gnu.linkonce.sb.*)
 .sbss          0x00002820        0xc ../../bsp/mpsoc_hello_mpsoc_3//libhal_bsp.a(alt_main.o)
                0x00002820                alt_argc
                0x00002824                alt_argv
                0x00002828                alt_envp
 .sbss          0x0000282c        0x4 /opt/altera/13.0sp1/nios2eds/bin/gnu/H-i686-pc-linux-gnu/bin/../lib/gcc/nios2-elf/4.1.2/../../../../nios2-elf/lib/mno-hw-mul/libsmallc.a(lib_a-int_errno.o)
                0x0000282c                errno
 *(.sbss2 .sbss2.* .gnu.linkonce.sb2.*)
 *(.scommon)
                0x00002830                PROVIDE (__sbss_end, ABSOLUTE (.))
                0x00002830                PROVIDE (___sbss_end, ABSOLUTE (.))
 *(.dynbss)
 *(.bss .bss.* .gnu.linkonce.b.*)
 .bss           0x00002830        0x0 ../../bsp/mpsoc_hello_mpsoc_3//obj/HAL/src/crt0.o
 .bss           0x00002830        0x0 obj/default/src_3/cpu_3.o
 .bss           0x00002830        0x0 obj/default/src_3/delay_asm.o
 .bss           0x00002830        0x0 ../../bsp/mpsoc_hello_mpsoc_3//libhal_bsp.a(alt_load.o)
 .bss           0x00002830        0x0 ../../bsp/mpsoc_hello_mpsoc_3//libhal_bsp.a(alt_main.o)
 .bss           0x00002830        0x0 ../../bsp/mpsoc_hello_mpsoc_3//libhal_bsp.a(alt_sys_init.o)
 .bss           0x00002830        0x0 ../../bsp/mpsoc_hello_mpsoc_3//libhal_bsp.a(altera_avalon_mutex.o)
 .bss           0x00002830        0x0 ../../bsp/mpsoc_hello_mpsoc_3//libhal_bsp.a(alt_dcache_flush_all.o)
 .bss           0x00002830        0x0 ../../bsp/mpsoc_hello_mpsoc_3//libhal_bsp.a(alt_dev_llist_insert.o)
 .bss           0x00002830        0x0 ../../bsp/mpsoc_hello_mpsoc_3//libhal_bsp.a(alt_errno.o)
 .bss           0x00002830        0x0 ../../bsp/mpsoc_hello_mpsoc_3//libhal_bsp.a(alt_find_dev.o)
 .bss           0x00002830        0x0 ../../bsp/mpsoc_hello_mpsoc_3//libhal_bsp.a(alt_icache_flush_all.o)
 .bss           0x00002830        0x0 ../../bsp/mpsoc_hello_mpsoc_3//libhal_bsp.a(altera_nios2_qsys_irq.o)
 .bss           0x00002830        0x0 /opt/altera/13.0sp1/nios2eds/bin/gnu/H-i686-pc-linux-gnu/bin/../lib/gcc/nios2-elf/4.1.2/../../../../nios2-elf/lib/mno-hw-mul/libsmallc.a(lib_a-int_errno.o)
 .bss           0x00002830        0x0 /opt/altera/13.0sp1/nios2eds/bin/gnu/H-i686-pc-linux-gnu/bin/../lib/gcc/nios2-elf/4.1.2/../../../../nios2-elf/lib/mno-hw-mul/libsmallc.a(lib_a-memcmp.o)
 .bss           0x00002830        0x0 /opt/altera/13.0sp1/nios2eds/bin/gnu/H-i686-pc-linux-gnu/bin/../lib/gcc/nios2-elf/4.1.2/../../../../nios2-elf/lib/mno-hw-mul/libsmallc.a(lib_a-strlen.o)
 *(COMMON)
                0x00002830                . = ALIGN (0x4)
                0x00002830                __bss_end = ABSOLUTE (.)

.onchip_3       0x00002830        0x0
                0x00002830                PROVIDE (_alt_partition_onchip_3_start, ABSOLUTE (.))
 *(.onchip_3. onchip_3.*)
                0x00002830                . = ALIGN (0x4)
                0x00002830                PROVIDE (_alt_partition_onchip_3_end, ABSOLUTE (.))
                0x00002830                _end = ABSOLUTE (.)
                0x00002830                end = ABSOLUTE (.)
                0x00002830                __alt_stack_base = ABSOLUTE (.)
                0x00002830                PROVIDE (_alt_partition_onchip_3_load_addr, LOADADDR (.onchip_3))

.shared_onchip  0x00102000        0x0 load address 0x00002830
                0x00102000                PROVIDE (_alt_partition_shared_onchip_start, ABSOLUTE (.))
 *(.shared_onchip. shared_onchip.*)
                0x00102000                . = ALIGN (0x4)
                0x00102000                PROVIDE (_alt_partition_shared_onchip_end, ABSOLUTE (.))
                0x00002830                PROVIDE (_alt_partition_shared_onchip_load_addr, LOADADDR (.shared_onchip))

.stab
 *(.stab)

.stabstr
 *(.stabstr)

.stab.excl
 *(.stab.excl)

.stab.exclstr
 *(.stab.exclstr)

.stab.index
 *(.stab.index)

.stab.indexstr
 *(.stab.indexstr)

.comment        0x00000000       0x26
 *(.comment)
 .comment       0x00000000       0x26 obj/default/src_3/cpu_3.o
                                 0x27 (size before relaxing)
 .comment       0x00000000       0x27 ../../bsp/mpsoc_hello_mpsoc_3//libhal_bsp.a(alt_load.o)
 .comment       0x00000000       0x27 ../../bsp/mpsoc_hello_mpsoc_3//libhal_bsp.a(alt_main.o)
 .comment       0x00000000       0x27 ../../bsp/mpsoc_hello_mpsoc_3//libhal_bsp.a(alt_sys_init.o)
 .comment       0x00000000       0x27 ../../bsp/mpsoc_hello_mpsoc_3//libhal_bsp.a(altera_avalon_mutex.o)
 .comment       0x00000000       0x27 ../../bsp/mpsoc_hello_mpsoc_3//libhal_bsp.a(alt_dcache_flush_all.o)
 .comment       0x00000000       0x27 ../../bsp/mpsoc_hello_mpsoc_3//libhal_bsp.a(alt_dev_llist_insert.o)
 .comment       0x00000000       0x27 ../../bsp/mpsoc_hello_mpsoc_3//libhal_bsp.a(alt_errno.o)
 .comment       0x00000000       0x27 ../../bsp/mpsoc_hello_mpsoc_3//libhal_bsp.a(alt_find_dev.o)
 .comment       0x00000000       0x27 ../../bsp/mpsoc_hello_mpsoc_3//libhal_bsp.a(alt_icache_flush_all.o)
 .comment       0x00000000       0x27 ../../bsp/mpsoc_hello_mpsoc_3//libhal_bsp.a(altera_nios2_qsys_irq.o)
 .comment       0x00000000       0x27 /opt/altera/13.0sp1/nios2eds/bin/gnu/H-i686-pc-linux-gnu/bin/../lib/gcc/nios2-elf/4.1.2/../../../../nios2-elf/lib/mno-hw-mul/libsmallc.a(lib_a-int_errno.o)
 .comment       0x00000000       0x27 /opt/altera/13.0sp1/nios2eds/bin/gnu/H-i686-pc-linux-gnu/bin/../lib/gcc/nios2-elf/4.1.2/../../../../nios2-elf/lib/mno-hw-mul/libsmallc.a(lib_a-memcmp.o)
 .comment       0x00000000       0x27 /opt/altera/13.0sp1/nios2eds/bin/gnu/H-i686-pc-linux-gnu/bin/../lib/gcc/nios2-elf/4.1.2/../../../../nios2-elf/lib/mno-hw-mul/libsmallc.a(lib_a-strlen.o)

.debug
 *(.debug)

.line
 *(.line)

.debug_srcinfo
 *(.debug_srcinfo)

.debug_sfnames
 *(.debug_sfnames)

.debug_aranges  0x00000000      0x1c8
 *(.debug_aranges)
 .debug_aranges
                0x00000000       0x28 ../../bsp/mpsoc_hello_mpsoc_3//obj/HAL/src/crt0.o
 .debug_aranges
                0x00000028       0x20 obj/default/src_3/cpu_3.o
 .debug_aranges
                0x00000048       0x20 obj/default/src_3/delay_asm.o
 .debug_aranges
                0x00000068       0x20 ../../bsp/mpsoc_hello_mpsoc_3//libhal_bsp.a(alt_load.o)
 .debug_aranges
                0x00000088       0x20 ../../bsp/mpsoc_hello_mpsoc_3//libhal_bsp.a(alt_main.o)
 .debug_aranges
                0x000000a8       0x20 ../../bsp/mpsoc_hello_mpsoc_3//libhal_bsp.a(alt_sys_init.o)
 .debug_aranges
                0x000000c8       0x20 ../../bsp/mpsoc_hello_mpsoc_3//libhal_bsp.a(altera_avalon_mutex.o)
 .debug_aranges
                0x000000e8       0x20 ../../bsp/mpsoc_hello_mpsoc_3//libhal_bsp.a(alt_dcache_flush_all.o)
 .debug_aranges
                0x00000108       0x20 ../../bsp/mpsoc_hello_mpsoc_3//libhal_bsp.a(alt_dev_llist_insert.o)
 .debug_aranges
                0x00000128       0x20 ../../bsp/mpsoc_hello_mpsoc_3//libhal_bsp.a(alt_find_dev.o)
 .debug_aranges
                0x00000148       0x20 ../../bsp/mpsoc_hello_mpsoc_3//libhal_bsp.a(alt_icache_flush_all.o)
 .debug_aranges
                0x00000168       0x20 ../../bsp/mpsoc_hello_mpsoc_3//libhal_bsp.a(altera_nios2_qsys_irq.o)
 .debug_aranges
                0x00000188       0x20 /opt/altera/13.0sp1/nios2eds/bin/gnu/H-i686-pc-linux-gnu/bin/../lib/gcc/nios2-elf/4.1.2/../../../../nios2-elf/lib/mno-hw-mul/libsmallc.a(lib_a-memcmp.o)
 .debug_aranges
                0x000001a8       0x20 /opt/altera/13.0sp1/nios2eds/bin/gnu/H-i686-pc-linux-gnu/bin/../lib/gcc/nios2-elf/4.1.2/../../../../nios2-elf/lib/mno-hw-mul/libsmallc.a(lib_a-strlen.o)

.debug_pubnames
                0x00000000      0x381
 *(.debug_pubnames)
 .debug_pubnames
                0x00000000       0x8e obj/default/src_3/cpu_3.o
 .debug_pubnames
                0x0000008e       0x1f ../../bsp/mpsoc_hello_mpsoc_3//libhal_bsp.a(alt_load.o)
 .debug_pubnames
                0x000000ad       0x46 ../../bsp/mpsoc_hello_mpsoc_3//libhal_bsp.a(alt_main.o)
 .debug_pubnames
                0x000000f3       0x44 ../../bsp/mpsoc_hello_mpsoc_3//libhal_bsp.a(alt_sys_init.o)
 .debug_pubnames
                0x00000137       0xff ../../bsp/mpsoc_hello_mpsoc_3//libhal_bsp.a(altera_avalon_mutex.o)
 .debug_pubnames
                0x00000236       0x2b ../../bsp/mpsoc_hello_mpsoc_3//libhal_bsp.a(alt_dcache_flush_all.o)
 .debug_pubnames
                0x00000261       0x2b ../../bsp/mpsoc_hello_mpsoc_3//libhal_bsp.a(alt_dev_llist_insert.o)
 .debug_pubnames
                0x0000028c       0x20 ../../bsp/mpsoc_hello_mpsoc_3//libhal_bsp.a(alt_errno.o)
 .debug_pubnames
                0x000002ac       0x23 ../../bsp/mpsoc_hello_mpsoc_3//libhal_bsp.a(alt_find_dev.o)
 .debug_pubnames
                0x000002cf       0x2b ../../bsp/mpsoc_hello_mpsoc_3//libhal_bsp.a(alt_icache_flush_all.o)
 .debug_pubnames
                0x000002fa       0x31 ../../bsp/mpsoc_hello_mpsoc_3//libhal_bsp.a(altera_nios2_qsys_irq.o)
 .debug_pubnames
                0x0000032b       0x1c /opt/altera/13.0sp1/nios2eds/bin/gnu/H-i686-pc-linux-gnu/bin/../lib/gcc/nios2-elf/4.1.2/../../../../nios2-elf/lib/mno-hw-mul/libsmallc.a(lib_a-int_errno.o)
 .debug_pubnames
                0x00000347       0x1d /opt/altera/13.0sp1/nios2eds/bin/gnu/H-i686-pc-linux-gnu/bin/../lib/gcc/nios2-elf/4.1.2/../../../../nios2-elf/lib/mno-hw-mul/libsmallc.a(lib_a-memcmp.o)
 .debug_pubnames
                0x00000364       0x1d /opt/altera/13.0sp1/nios2eds/bin/gnu/H-i686-pc-linux-gnu/bin/../lib/gcc/nios2-elf/4.1.2/../../../../nios2-elf/lib/mno-hw-mul/libsmallc.a(lib_a-strlen.o)

.debug_info     0x00000000     0x1562
 *(.debug_info .gnu.linkonce.wi.*)
 .debug_info    0x00000000       0x6a ../../bsp/mpsoc_hello_mpsoc_3//obj/HAL/src/crt0.o
 .debug_info    0x0000006a      0x282 obj/default/src_3/cpu_3.o
 .debug_info    0x000002ec       0x69 obj/default/src_3/delay_asm.o
 .debug_info    0x00000355      0x12e ../../bsp/mpsoc_hello_mpsoc_3//libhal_bsp.a(alt_load.o)
 .debug_info    0x00000483      0x125 ../../bsp/mpsoc_hello_mpsoc_3//libhal_bsp.a(alt_main.o)
 .debug_info    0x000005a8      0x2cb ../../bsp/mpsoc_hello_mpsoc_3//libhal_bsp.a(alt_sys_init.o)
 .debug_info    0x00000873      0x399 ../../bsp/mpsoc_hello_mpsoc_3//libhal_bsp.a(altera_avalon_mutex.o)
 .debug_info    0x00000c0c       0x8d ../../bsp/mpsoc_hello_mpsoc_3//libhal_bsp.a(alt_dcache_flush_all.o)
 .debug_info    0x00000c99      0x1b7 ../../bsp/mpsoc_hello_mpsoc_3//libhal_bsp.a(alt_dev_llist_insert.o)
 .debug_info    0x00000e50       0xab ../../bsp/mpsoc_hello_mpsoc_3//libhal_bsp.a(alt_errno.o)
 .debug_info    0x00000efb      0x310 ../../bsp/mpsoc_hello_mpsoc_3//libhal_bsp.a(alt_find_dev.o)
 .debug_info    0x0000120b       0x8d ../../bsp/mpsoc_hello_mpsoc_3//libhal_bsp.a(alt_icache_flush_all.o)
 .debug_info    0x00001298       0x8d ../../bsp/mpsoc_hello_mpsoc_3//libhal_bsp.a(altera_nios2_qsys_irq.o)
 .debug_info    0x00001325       0x8c /opt/altera/13.0sp1/nios2eds/bin/gnu/H-i686-pc-linux-gnu/bin/../lib/gcc/nios2-elf/4.1.2/../../../../nios2-elf/lib/mno-hw-mul/libsmallc.a(lib_a-int_errno.o)
 .debug_info    0x000013b1       0xef /opt/altera/13.0sp1/nios2eds/bin/gnu/H-i686-pc-linux-gnu/bin/../lib/gcc/nios2-elf/4.1.2/../../../../nios2-elf/lib/mno-hw-mul/libsmallc.a(lib_a-memcmp.o)
 .debug_info    0x000014a0       0xc2 /opt/altera/13.0sp1/nios2eds/bin/gnu/H-i686-pc-linux-gnu/bin/../lib/gcc/nios2-elf/4.1.2/../../../../nios2-elf/lib/mno-hw-mul/libsmallc.a(lib_a-strlen.o)

.debug_abbrev   0x00000000      0x9c0
 *(.debug_abbrev)
 .debug_abbrev  0x00000000       0x12 ../../bsp/mpsoc_hello_mpsoc_3//obj/HAL/src/crt0.o
 .debug_abbrev  0x00000012      0x11e obj/default/src_3/cpu_3.o
 .debug_abbrev  0x00000130       0x14 obj/default/src_3/delay_asm.o
 .debug_abbrev  0x00000144       0x97 ../../bsp/mpsoc_hello_mpsoc_3//libhal_bsp.a(alt_load.o)
 .debug_abbrev  0x000001db       0xa6 ../../bsp/mpsoc_hello_mpsoc_3//libhal_bsp.a(alt_main.o)
 .debug_abbrev  0x00000281      0x14d ../../bsp/mpsoc_hello_mpsoc_3//libhal_bsp.a(alt_sys_init.o)
 .debug_abbrev  0x000003ce      0x1a2 ../../bsp/mpsoc_hello_mpsoc_3//libhal_bsp.a(altera_avalon_mutex.o)
 .debug_abbrev  0x00000570       0x3f ../../bsp/mpsoc_hello_mpsoc_3//libhal_bsp.a(alt_dcache_flush_all.o)
 .debug_abbrev  0x000005af      0x117 ../../bsp/mpsoc_hello_mpsoc_3//libhal_bsp.a(alt_dev_llist_insert.o)
 .debug_abbrev  0x000006c6       0x5e ../../bsp/mpsoc_hello_mpsoc_3//libhal_bsp.a(alt_errno.o)
 .debug_abbrev  0x00000724       0xed ../../bsp/mpsoc_hello_mpsoc_3//libhal_bsp.a(alt_find_dev.o)
 .debug_abbrev  0x00000811       0x3f ../../bsp/mpsoc_hello_mpsoc_3//libhal_bsp.a(alt_icache_flush_all.o)
 .debug_abbrev  0x00000850       0x3f ../../bsp/mpsoc_hello_mpsoc_3//libhal_bsp.a(altera_nios2_qsys_irq.o)
 .debug_abbrev  0x0000088f       0x3b /opt/altera/13.0sp1/nios2eds/bin/gnu/H-i686-pc-linux-gnu/bin/../lib/gcc/nios2-elf/4.1.2/../../../../nios2-elf/lib/mno-hw-mul/libsmallc.a(lib_a-int_errno.o)
 .debug_abbrev  0x000008ca       0x7c /opt/altera/13.0sp1/nios2eds/bin/gnu/H-i686-pc-linux-gnu/bin/../lib/gcc/nios2-elf/4.1.2/../../../../nios2-elf/lib/mno-hw-mul/libsmallc.a(lib_a-memcmp.o)
 .debug_abbrev  0x00000946       0x7a /opt/altera/13.0sp1/nios2eds/bin/gnu/H-i686-pc-linux-gnu/bin/../lib/gcc/nios2-elf/4.1.2/../../../../nios2-elf/lib/mno-hw-mul/libsmallc.a(lib_a-strlen.o)

.debug_line     0x00000000     0x2272
 *(.debug_line)
 .debug_line    0x00000000       0x66 ../../bsp/mpsoc_hello_mpsoc_3//obj/HAL/src/crt0.o
 .debug_line    0x00000066      0x362 obj/default/src_3/cpu_3.o
 .debug_line    0x000003c8       0x46 obj/default/src_3/delay_asm.o
 .debug_line    0x0000040e      0x225 ../../bsp/mpsoc_hello_mpsoc_3//libhal_bsp.a(alt_load.o)
 .debug_line    0x00000633      0x2d0 ../../bsp/mpsoc_hello_mpsoc_3//libhal_bsp.a(alt_main.o)
 .debug_line    0x00000903      0x34c ../../bsp/mpsoc_hello_mpsoc_3//libhal_bsp.a(alt_sys_init.o)
 .debug_line    0x00000c4f      0x38e ../../bsp/mpsoc_hello_mpsoc_3//libhal_bsp.a(altera_avalon_mutex.o)
 .debug_line    0x00000fdd      0x1c3 ../../bsp/mpsoc_hello_mpsoc_3//libhal_bsp.a(alt_dcache_flush_all.o)
 .debug_line    0x000011a0      0x26a ../../bsp/mpsoc_hello_mpsoc_3//libhal_bsp.a(alt_dev_llist_insert.o)
 .debug_line    0x0000140a      0x1b8 ../../bsp/mpsoc_hello_mpsoc_3//libhal_bsp.a(alt_errno.o)
 .debug_line    0x000015c2      0x26f ../../bsp/mpsoc_hello_mpsoc_3//libhal_bsp.a(alt_find_dev.o)
 .debug_line    0x00001831      0x1c3 ../../bsp/mpsoc_hello_mpsoc_3//libhal_bsp.a(alt_icache_flush_all.o)
 .debug_line    0x000019f4      0x1dc ../../bsp/mpsoc_hello_mpsoc_3//libhal_bsp.a(altera_nios2_qsys_irq.o)
 .debug_line    0x00001bd0      0x1e2 /opt/altera/13.0sp1/nios2eds/bin/gnu/H-i686-pc-linux-gnu/bin/../lib/gcc/nios2-elf/4.1.2/../../../../nios2-elf/lib/mno-hw-mul/libsmallc.a(lib_a-int_errno.o)
 .debug_line    0x00001db2      0x270 /opt/altera/13.0sp1/nios2eds/bin/gnu/H-i686-pc-linux-gnu/bin/../lib/gcc/nios2-elf/4.1.2/../../../../nios2-elf/lib/mno-hw-mul/libsmallc.a(lib_a-memcmp.o)
 .debug_line    0x00002022      0x250 /opt/altera/13.0sp1/nios2eds/bin/gnu/H-i686-pc-linux-gnu/bin/../lib/gcc/nios2-elf/4.1.2/../../../../nios2-elf/lib/mno-hw-mul/libsmallc.a(lib_a-strlen.o)

.debug_frame    0x00000000      0x2c8
 *(.debug_frame)
 .debug_frame   0x00000000       0x7c obj/default/src_3/cpu_3.o
 .debug_frame   0x0000007c       0x38 ../../bsp/mpsoc_hello_mpsoc_3//libhal_bsp.a(alt_load.o)
 .debug_frame   0x000000b4       0x28 ../../bsp/mpsoc_hello_mpsoc_3//libhal_bsp.a(alt_main.o)
 .debug_frame   0x000000dc       0x50 ../../bsp/mpsoc_hello_mpsoc_3//libhal_bsp.a(alt_sys_init.o)
 .debug_frame   0x0000012c       0xa4 ../../bsp/mpsoc_hello_mpsoc_3//libhal_bsp.a(altera_avalon_mutex.o)
 .debug_frame   0x000001d0       0x20 ../../bsp/mpsoc_hello_mpsoc_3//libhal_bsp.a(alt_dcache_flush_all.o)
 .debug_frame   0x000001f0       0x28 ../../bsp/mpsoc_hello_mpsoc_3//libhal_bsp.a(alt_dev_llist_insert.o)
 .debug_frame   0x00000218       0x30 ../../bsp/mpsoc_hello_mpsoc_3//libhal_bsp.a(alt_find_dev.o)
 .debug_frame   0x00000248       0x20 ../../bsp/mpsoc_hello_mpsoc_3//libhal_bsp.a(alt_icache_flush_all.o)
 .debug_frame   0x00000268       0x20 ../../bsp/mpsoc_hello_mpsoc_3//libhal_bsp.a(altera_nios2_qsys_irq.o)
 .debug_frame   0x00000288       0x20 /opt/altera/13.0sp1/nios2eds/bin/gnu/H-i686-pc-linux-gnu/bin/../lib/gcc/nios2-elf/4.1.2/../../../../nios2-elf/lib/mno-hw-mul/libsmallc.a(lib_a-memcmp.o)
 .debug_frame   0x000002a8       0x20 /opt/altera/13.0sp1/nios2eds/bin/gnu/H-i686-pc-linux-gnu/bin/../lib/gcc/nios2-elf/4.1.2/../../../../nios2-elf/lib/mno-hw-mul/libsmallc.a(lib_a-strlen.o)

.debug_str      0x00000000      0x8f2
 *(.debug_str)
 .debug_str     0x00000000      0x138 obj/default/src_3/cpu_3.o
                                0x17b (size before relaxing)
 .debug_str     0x00000138      0x12a ../../bsp/mpsoc_hello_mpsoc_3//libhal_bsp.a(alt_load.o)
                                0x1bf (size before relaxing)
 .debug_str     0x00000262       0x75 ../../bsp/mpsoc_hello_mpsoc_3//libhal_bsp.a(alt_main.o)
                                0x143 (size before relaxing)
 .debug_str     0x000002d7      0x16f ../../bsp/mpsoc_hello_mpsoc_3//libhal_bsp.a(alt_sys_init.o)
                                0x294 (size before relaxing)
 .debug_str     0x00000446      0x109 ../../bsp/mpsoc_hello_mpsoc_3//libhal_bsp.a(altera_avalon_mutex.o)
                                0x277 (size before relaxing)
 .debug_str     0x0000054f       0x34 ../../bsp/mpsoc_hello_mpsoc_3//libhal_bsp.a(alt_dcache_flush_all.o)
                                0x102 (size before relaxing)
 .debug_str     0x00000583       0x59 ../../bsp/mpsoc_hello_mpsoc_3//libhal_bsp.a(alt_dev_llist_insert.o)
                                0x179 (size before relaxing)
 .debug_str     0x000005dc       0x14 ../../bsp/mpsoc_hello_mpsoc_3//libhal_bsp.a(alt_errno.o)
                                 0xf2 (size before relaxing)
 .debug_str     0x000005f0       0x7f ../../bsp/mpsoc_hello_mpsoc_3//libhal_bsp.a(alt_find_dev.o)
                                0x199 (size before relaxing)
 .debug_str     0x0000066f       0x34 ../../bsp/mpsoc_hello_mpsoc_3//libhal_bsp.a(alt_icache_flush_all.o)
                                0x102 (size before relaxing)
 .debug_str     0x000006a3       0x3b ../../bsp/mpsoc_hello_mpsoc_3//libhal_bsp.a(altera_nios2_qsys_irq.o)
                                0x109 (size before relaxing)
 .debug_str     0x000006de       0xe1 /opt/altera/13.0sp1/nios2eds/bin/gnu/H-i686-pc-linux-gnu/bin/../lib/gcc/nios2-elf/4.1.2/../../../../nios2-elf/lib/mno-hw-mul/libsmallc.a(lib_a-int_errno.o)
                                0x17c (size before relaxing)
 .debug_str     0x000007bf       0xee /opt/altera/13.0sp1/nios2eds/bin/gnu/H-i686-pc-linux-gnu/bin/../lib/gcc/nios2-elf/4.1.2/../../../../nios2-elf/lib/mno-hw-mul/libsmallc.a(lib_a-memcmp.o)
                                0x183 (size before relaxing)
 .debug_str     0x000008ad       0x45 /opt/altera/13.0sp1/nios2eds/bin/gnu/H-i686-pc-linux-gnu/bin/../lib/gcc/nios2-elf/4.1.2/../../../../nios2-elf/lib/mno-hw-mul/libsmallc.a(lib_a-strlen.o)
                                0x189 (size before relaxing)

.debug_loc      0x00000000      0x482
 *(.debug_loc)
 .debug_loc     0x00000000      0x12f obj/default/src_3/cpu_3.o
 .debug_loc     0x0000012f       0x1f ../../bsp/mpsoc_hello_mpsoc_3//libhal_bsp.a(alt_load.o)
 .debug_loc     0x0000014e       0x1f ../../bsp/mpsoc_hello_mpsoc_3//libhal_bsp.a(alt_main.o)
 .debug_loc     0x0000016d       0x64 ../../bsp/mpsoc_hello_mpsoc_3//libhal_bsp.a(alt_sys_init.o)
 .debug_loc     0x000001d1       0xd9 ../../bsp/mpsoc_hello_mpsoc_3//libhal_bsp.a(altera_avalon_mutex.o)
 .debug_loc     0x000002aa       0x5b ../../bsp/mpsoc_hello_mpsoc_3//libhal_bsp.a(alt_dev_llist_insert.o)
 .debug_loc     0x00000305       0xef ../../bsp/mpsoc_hello_mpsoc_3//libhal_bsp.a(alt_find_dev.o)
 .debug_loc     0x000003f4       0x70 /opt/altera/13.0sp1/nios2eds/bin/gnu/H-i686-pc-linux-gnu/bin/../lib/gcc/nios2-elf/4.1.2/../../../../nios2-elf/lib/mno-hw-mul/libsmallc.a(lib_a-memcmp.o)
 .debug_loc     0x00000464       0x1e /opt/altera/13.0sp1/nios2eds/bin/gnu/H-i686-pc-linux-gnu/bin/../lib/gcc/nios2-elf/4.1.2/../../../../nios2-elf/lib/mno-hw-mul/libsmallc.a(lib_a-strlen.o)

.debug_macinfo
 *(.debug_macinfo)

.debug_weaknames
 *(.debug_weaknames)

.debug_funcnames
 *(.debug_funcnames)

.debug_typenames
 *(.debug_typenames)

.debug_varnames
 *(.debug_varnames)

.debug_alt_sim_info
                0x00000000       0x10
 *(.debug_alt_sim_info)
 .debug_alt_sim_info
                0x00000000       0x10 ../../bsp/mpsoc_hello_mpsoc_3//obj/HAL/src/crt0.o
                0x00004000                __alt_data_end = 0x4000
                0x00004000                PROVIDE (__alt_stack_pointer, __alt_data_end)
                0x00002830                PROVIDE (__alt_stack_limit, __alt_stack_base)
                0x00002830                PROVIDE (__alt_heap_start, end)
                0x00004000                PROVIDE (__alt_heap_limit, 0x4000)
OUTPUT(hello_mpsoc_3.elf elf32-littlenios2)

.debug_ranges   0x00000000       0x38
 .debug_ranges  0x00000000       0x20 ../../bsp/mpsoc_hello_mpsoc_3//obj/HAL/src/crt0.o
 .debug_ranges  0x00000020       0x18 ../../bsp/mpsoc_hello_mpsoc_3//libhal_bsp.a(alt_dev_llist_insert.o)
