Archive member included because of file (symbol)

/opt/altera/13.0sp1/nios2eds/bin/gnu/H-i686-pc-linux-gnu/bin/../lib/gcc/nios2-elf/4.1.2/mno-hw-mul/libgcc.a(lib2-divmod.o)
                              obj/default/src_2/cpu_2.o (__divsi3)
../../bsp/mpsoc_hello_mpsoc_2//libhal_bsp.a(alt_load.o)
                              ../../bsp/mpsoc_hello_mpsoc_2//obj/HAL/src/crt0.o (alt_load)
../../bsp/mpsoc_hello_mpsoc_2//libhal_bsp.a(alt_main.o)
                              ../../bsp/mpsoc_hello_mpsoc_2//obj/HAL/src/crt0.o (alt_main)
../../bsp/mpsoc_hello_mpsoc_2//libhal_bsp.a(alt_sys_init.o)
                              ../../bsp/mpsoc_hello_mpsoc_2//libhal_bsp.a(alt_main.o) (alt_sys_init)
../../bsp/mpsoc_hello_mpsoc_2//libhal_bsp.a(altera_avalon_mutex.o)
                              ../../bsp/mpsoc_hello_mpsoc_2//libhal_bsp.a(alt_sys_init.o) (alt_mutex_list)
../../bsp/mpsoc_hello_mpsoc_2//libhal_bsp.a(alt_dcache_flush_all.o)
                              ../../bsp/mpsoc_hello_mpsoc_2//libhal_bsp.a(alt_load.o) (alt_dcache_flush_all)
../../bsp/mpsoc_hello_mpsoc_2//libhal_bsp.a(alt_dev_llist_insert.o)
                              ../../bsp/mpsoc_hello_mpsoc_2//libhal_bsp.a(alt_sys_init.o) (alt_dev_llist_insert)
../../bsp/mpsoc_hello_mpsoc_2//libhal_bsp.a(alt_errno.o)
                              ../../bsp/mpsoc_hello_mpsoc_2//libhal_bsp.a(altera_avalon_mutex.o) (alt_errno)
../../bsp/mpsoc_hello_mpsoc_2//libhal_bsp.a(alt_find_dev.o)
                              ../../bsp/mpsoc_hello_mpsoc_2//libhal_bsp.a(altera_avalon_mutex.o) (alt_find_dev)
../../bsp/mpsoc_hello_mpsoc_2//libhal_bsp.a(alt_icache_flush_all.o)
                              ../../bsp/mpsoc_hello_mpsoc_2//libhal_bsp.a(alt_load.o) (alt_icache_flush_all)
../../bsp/mpsoc_hello_mpsoc_2//libhal_bsp.a(altera_nios2_qsys_irq.o)
                              ../../bsp/mpsoc_hello_mpsoc_2//libhal_bsp.a(alt_sys_init.o) (altera_nios2_qsys_irq_init)
/opt/altera/13.0sp1/nios2eds/bin/gnu/H-i686-pc-linux-gnu/bin/../lib/gcc/nios2-elf/4.1.2/../../../../nios2-elf/lib/mno-hw-mul/libsmallc.a(lib_a-int_errno.o)
                              ../../bsp/mpsoc_hello_mpsoc_2//libhal_bsp.a(altera_avalon_mutex.o) (errno)
/opt/altera/13.0sp1/nios2eds/bin/gnu/H-i686-pc-linux-gnu/bin/../lib/gcc/nios2-elf/4.1.2/../../../../nios2-elf/lib/mno-hw-mul/libsmallc.a(lib_a-memcmp.o)
                              ../../bsp/mpsoc_hello_mpsoc_2//libhal_bsp.a(alt_find_dev.o) (memcmp)
/opt/altera/13.0sp1/nios2eds/bin/gnu/H-i686-pc-linux-gnu/bin/../lib/gcc/nios2-elf/4.1.2/../../../../nios2-elf/lib/mno-hw-mul/libsmallc.a(lib_a-strlen.o)
                              ../../bsp/mpsoc_hello_mpsoc_2//libhal_bsp.a(alt_find_dev.o) (strlen)

Allocating common symbols
Common symbol       size              file

errno               0x4               /opt/altera/13.0sp1/nios2eds/bin/gnu/H-i686-pc-linux-gnu/bin/../lib/gcc/nios2-elf/4.1.2/../../../../nios2-elf/lib/mno-hw-mul/libsmallc.a(lib_a-int_errno.o)

Memory Configuration

Name             Origin             Length             Attributes
reset            0x00002000         0x00000020
onchip_2         0x00002020         0x00001fe0
shared_onchip    0x00102000         0x00002000
*default*        0x00000000         0xffffffff

Linker script and memory map

LOAD ../../bsp/mpsoc_hello_mpsoc_2//obj/HAL/src/crt0.o
                0x0000200c                exit = _exit
LOAD obj/default/src_2/cpu_2.o
LOAD obj/default/src_2/delay_asm.o
LOAD /opt/altera/13.0sp1/nios2eds/bin/gnu/H-i686-pc-linux-gnu/bin/../lib/gcc/nios2-elf/4.1.2/../../../../nios2-elf/lib/mno-hw-mul/libstdc++.a
LOAD /opt/altera/13.0sp1/nios2eds/bin/gnu/H-i686-pc-linux-gnu/bin/../lib/gcc/nios2-elf/4.1.2/../../../../nios2-elf/lib/mno-hw-mul/libm.a
LOAD /opt/altera/13.0sp1/nios2eds/bin/gnu/H-i686-pc-linux-gnu/bin/../lib/gcc/nios2-elf/4.1.2/mno-hw-mul/libgcc.a
START GROUP
LOAD /opt/altera/13.0sp1/nios2eds/bin/gnu/H-i686-pc-linux-gnu/bin/../lib/gcc/nios2-elf/4.1.2/../../../../nios2-elf/lib/mno-hw-mul/libsmallc.a
LOAD /opt/altera/13.0sp1/nios2eds/bin/gnu/H-i686-pc-linux-gnu/bin/../lib/gcc/nios2-elf/4.1.2/mno-hw-mul/libgcc.a
LOAD ../../bsp/mpsoc_hello_mpsoc_2//libhal_bsp.a
END GROUP
LOAD /opt/altera/13.0sp1/nios2eds/bin/gnu/H-i686-pc-linux-gnu/bin/../lib/gcc/nios2-elf/4.1.2/mno-hw-mul/libgcc.a
                0x00002000                __alt_mem_onchip_2 = 0x2000
                0x00102000                __alt_mem_shared_onchip = 0x102000

.entry          0x00002000       0x20
 *(.entry)
 .entry         0x00002000       0x20 ../../bsp/mpsoc_hello_mpsoc_2//obj/HAL/src/crt0.o
                0x00002000                __reset
                0x0000200c                _exit

.exceptions     0x00002020        0x0
                0x00002020                PROVIDE (__ram_exceptions_start, ABSOLUTE (.))
                0x00002020                . = ALIGN (0x20)
 *(.irq)
 *(.exceptions.entry.label)
 *(.exceptions.entry.user)
 *(.exceptions.entry)
 *(.exceptions.irqtest.user)
 *(.exceptions.irqtest)
 *(.exceptions.irqhandler.user)
 *(.exceptions.irqhandler)
 *(.exceptions.irqreturn.user)
 *(.exceptions.irqreturn)
 *(.exceptions.notirq.label)
 *(.exceptions.notirq.user)
 *(.exceptions.notirq)
 *(.exceptions.soft.user)
 *(.exceptions.soft)
 *(.exceptions.unknown.user)
 *(.exceptions.unknown)
 *(.exceptions.exit.label)
 *(.exceptions.exit.user)
 *(.exceptions.exit)
 *(.exceptions)
                0x00002020                PROVIDE (__ram_exceptions_end, ABSOLUTE (.))
                0x00002020                PROVIDE (__flash_exceptions_start, LOADADDR (.exceptions))

.text           0x00002020      0x704
                0x00002020                PROVIDE (stext, ABSOLUTE (.))
 *(.interp)
 *(.hash)
 *(.dynsym)
 *(.dynstr)
 *(.gnu.version)
 *(.gnu.version_d)
 *(.gnu.version_r)
 *(.rel.init)
 *(.rela.init)
 *(.rel.text .rel.text.* .rel.gnu.linkonce.t.*)
 *(.rela.text .rela.text.* .rela.gnu.linkonce.t.*)
 *(.rel.fini)
 *(.rela.fini)
 *(.rel.rodata .rel.rodata.* .rel.gnu.linkonce.r.*)
 *(.rela.rodata .rela.rodata.* .rela.gnu.linkonce.r.*)
 *(.rel.data .rel.data.* .rel.gnu.linkonce.d.*)
 *(.rela.data .rela.data.* .rela.gnu.linkonce.d.*)
 *(.rel.tdata .rel.tdata.* .rel.gnu.linkonce.td.*)
 *(.rela.tdata .rela.tdata.* .rela.gnu.linkonce.td.*)
 *(.rel.tbss .rel.tbss.* .rel.gnu.linkonce.tb.*)
 *(.rela.tbss .rela.tbss.* .rela.gnu.linkonce.tb.*)
 *(.rel.ctors)
 *(.rela.ctors)
 *(.rel.dtors)
 *(.rela.dtors)
 *(.rel.got)
 *(.rela.got)
 *(.rel.sdata .rel.sdata.* .rel.gnu.linkonce.s.*)
 *(.rela.sdata .rela.sdata.* .rela.gnu.linkonce.s.*)
 *(.rel.sbss .rel.sbss.* .rel.gnu.linkonce.sb.*)
 *(.rela.sbss .rela.sbss.* .rela.gnu.linkonce.sb.*)
 *(.rel.sdata2 .rel.sdata2.* .rel.gnu.linkonce.s2.*)
 *(.rela.sdata2 .rela.sdata2.* .rela.gnu.linkonce.s2.*)
 *(.rel.sbss2 .rel.sbss2.* .rel.gnu.linkonce.sb2.*)
 *(.rela.sbss2 .rela.sbss2.* .rela.gnu.linkonce.sb2.*)
 *(.rel.bss .rel.bss.* .rel.gnu.linkonce.b.*)
 *(.rela.bss .rela.bss.* .rela.gnu.linkonce.b.*)
 *(.rel.plt)
 *(.rela.plt)
 *(.rel.dyn)
 *(.init)
 *(.plt)
 *(.text .stub .text.* .gnu.linkonce.t.*)
 .text          0x00002020       0x3c ../../bsp/mpsoc_hello_mpsoc_2//obj/HAL/src/crt0.o
                0x00002020                _start
 .text          0x0000205c      0x1c4 obj/default/src_2/cpu_2.o
                0x0000205c                main
 .text          0x00002220       0x20 obj/default/src_2/delay_asm.o
                0x00002220                delay
 .text          0x00002240      0x14c /opt/altera/13.0sp1/nios2eds/bin/gnu/H-i686-pc-linux-gnu/bin/../lib/gcc/nios2-elf/4.1.2/mno-hw-mul/libgcc.a(lib2-divmod.o)
                0x000022bc                __divsi3
                0x0000231c                __modsi3
                0x0000237c                __udivsi3
                0x00002384                __umodsi3
 .text          0x0000238c       0x8c ../../bsp/mpsoc_hello_mpsoc_2//libhal_bsp.a(alt_load.o)
                0x000023ac                alt_load
 .text          0x00002418       0x2c ../../bsp/mpsoc_hello_mpsoc_2//libhal_bsp.a(alt_main.o)
                0x00002418                alt_main
 .text          0x00002444       0x78 ../../bsp/mpsoc_hello_mpsoc_2//libhal_bsp.a(alt_sys_init.o)
                0x00002450                alt_sys_init
                0x0000249c                alt_irq_init
 .text          0x000024bc      0x11c ../../bsp/mpsoc_hello_mpsoc_2//libhal_bsp.a(altera_avalon_mutex.o)
                0x000024bc                altera_avalon_mutex_close
                0x000024c0                altera_avalon_mutex_first_lock
                0x000024d0                altera_avalon_mutex_is_mine
                0x000024f8                altera_avalon_mutex_unlock
                0x00002540                altera_avalon_mutex_open
                0x00002598                altera_avalon_mutex_lock
                0x000025d4                altera_avalon_mutex_trylock
 .text          0x000025d8        0x4 ../../bsp/mpsoc_hello_mpsoc_2//libhal_bsp.a(alt_dcache_flush_all.o)
                0x000025d8                alt_dcache_flush_all
 .text          0x000025dc       0x70 ../../bsp/mpsoc_hello_mpsoc_2//libhal_bsp.a(alt_dev_llist_insert.o)
                0x000025dc                alt_dev_llist_insert
 .text          0x0000264c        0x0 ../../bsp/mpsoc_hello_mpsoc_2//libhal_bsp.a(alt_errno.o)
 .text          0x0000264c       0x70 ../../bsp/mpsoc_hello_mpsoc_2//libhal_bsp.a(alt_find_dev.o)
                0x0000264c                alt_find_dev
 .text          0x000026bc        0x4 ../../bsp/mpsoc_hello_mpsoc_2//libhal_bsp.a(alt_icache_flush_all.o)
                0x000026bc                alt_icache_flush_all
 .text          0x000026c0        0x8 ../../bsp/mpsoc_hello_mpsoc_2//libhal_bsp.a(altera_nios2_qsys_irq.o)
                0x000026c0                altera_nios2_qsys_irq_init
 .text          0x000026c8        0x0 /opt/altera/13.0sp1/nios2eds/bin/gnu/H-i686-pc-linux-gnu/bin/../lib/gcc/nios2-elf/4.1.2/../../../../nios2-elf/lib/mno-hw-mul/libsmallc.a(lib_a-int_errno.o)
 .text          0x000026c8       0x3c /opt/altera/13.0sp1/nios2eds/bin/gnu/H-i686-pc-linux-gnu/bin/../lib/gcc/nios2-elf/4.1.2/../../../../nios2-elf/lib/mno-hw-mul/libsmallc.a(lib_a-memcmp.o)
                0x000026c8                memcmp
 .text          0x00002704       0x20 /opt/altera/13.0sp1/nios2eds/bin/gnu/H-i686-pc-linux-gnu/bin/../lib/gcc/nios2-elf/4.1.2/../../../../nios2-elf/lib/mno-hw-mul/libsmallc.a(lib_a-strlen.o)
                0x00002704                strlen
 *(.gnu.warning.*)
 *(.fini)
                0x00002724                PROVIDE (__etext, ABSOLUTE (.))
                0x00002724                PROVIDE (_etext, ABSOLUTE (.))
                0x00002724                PROVIDE (etext, ABSOLUTE (.))
 *(.eh_frame_hdr)
                0x00002724                . = ALIGN (0x4)
                0x00002724                PROVIDE (__preinit_array_start, ABSOLUTE (.))
 *(.preinit_array)
                0x00002724                PROVIDE (__preinit_array_end, ABSOLUTE (.))
                0x00002724                PROVIDE (__init_array_start, ABSOLUTE (.))
 *(.init_array)
                0x00002724                PROVIDE (__init_array_end, ABSOLUTE (.))
                0x00002724                PROVIDE (__fini_array_start, ABSOLUTE (.))
 *(.fini_array)
                0x00002724                PROVIDE (__fini_array_end, ABSOLUTE (.))
 *(.eh_frame)
 *(.gcc_except_table)
 *(.dynamic)
                0x00002724                PROVIDE (__CTOR_LIST__, ABSOLUTE (.))
 *(.ctors)
 *(SORT(.ctors.*))
                0x00002724                PROVIDE (__CTOR_END__, ABSOLUTE (.))
                0x00002724                PROVIDE (__DTOR_LIST__, ABSOLUTE (.))
 *(.dtors)
 *(SORT(.dtors.*))
                0x00002724                PROVIDE (__DTOR_END__, ABSOLUTE (.))
 *(.jcr)
                0x00002724                . = ALIGN (0x4)

.rodata         0x00002724       0x50
                0x00002724                PROVIDE (__ram_rodata_start, ABSOLUTE (.))
                0x00002724                . = ALIGN (0x4)
 *(.rodata .rodata.* .gnu.linkonce.r.*)
 .rodata.str1.4
                0x00002724       0x50 ../../bsp/mpsoc_hello_mpsoc_2//libhal_bsp.a(alt_sys_init.o)
 *(.rodata1)
                0x00002774                . = ALIGN (0x4)
                0x00002774                PROVIDE (__ram_rodata_end, ABSOLUTE (.))
                0x00002724                PROVIDE (__flash_rodata_start, LOADADDR (.rodata))

.rwdata         0x00002774       0x6c load address 0x000027e0
                0x00002774                PROVIDE (__ram_rwdata_start, ABSOLUTE (.))
                0x00002774                . = ALIGN (0x4)
 *(.got.plt)
 *(.got)
 *(.data1)
 *(.data .data.* .gnu.linkonce.d.*)
 .data          0x00002774        0x0 ../../bsp/mpsoc_hello_mpsoc_2//obj/HAL/src/crt0.o
 .data          0x00002774        0x0 obj/default/src_2/cpu_2.o
 .data          0x00002774        0x0 obj/default/src_2/delay_asm.o
 .data          0x00002774        0x0 /opt/altera/13.0sp1/nios2eds/bin/gnu/H-i686-pc-linux-gnu/bin/../lib/gcc/nios2-elf/4.1.2/mno-hw-mul/libgcc.a(lib2-divmod.o)
 .data          0x00002774        0x0 ../../bsp/mpsoc_hello_mpsoc_2//libhal_bsp.a(alt_load.o)
 .data          0x00002774        0x0 ../../bsp/mpsoc_hello_mpsoc_2//libhal_bsp.a(alt_main.o)
 .data          0x00002774       0x50 ../../bsp/mpsoc_hello_mpsoc_2//libhal_bsp.a(alt_sys_init.o)
 .data          0x000027c4        0x0 ../../bsp/mpsoc_hello_mpsoc_2//libhal_bsp.a(altera_avalon_mutex.o)
 .data          0x000027c4        0x0 ../../bsp/mpsoc_hello_mpsoc_2//libhal_bsp.a(alt_dcache_flush_all.o)
 .data          0x000027c4        0x0 ../../bsp/mpsoc_hello_mpsoc_2//libhal_bsp.a(alt_dev_llist_insert.o)
 .data          0x000027c4        0x0 ../../bsp/mpsoc_hello_mpsoc_2//libhal_bsp.a(alt_errno.o)
 .data          0x000027c4        0x0 ../../bsp/mpsoc_hello_mpsoc_2//libhal_bsp.a(alt_find_dev.o)
 .data          0x000027c4        0x0 ../../bsp/mpsoc_hello_mpsoc_2//libhal_bsp.a(alt_icache_flush_all.o)
 .data          0x000027c4        0x0 ../../bsp/mpsoc_hello_mpsoc_2//libhal_bsp.a(altera_nios2_qsys_irq.o)
 .data          0x000027c4        0x0 /opt/altera/13.0sp1/nios2eds/bin/gnu/H-i686-pc-linux-gnu/bin/../lib/gcc/nios2-elf/4.1.2/../../../../nios2-elf/lib/mno-hw-mul/libsmallc.a(lib_a-int_errno.o)
 .data          0x000027c4        0x0 /opt/altera/13.0sp1/nios2eds/bin/gnu/H-i686-pc-linux-gnu/bin/../lib/gcc/nios2-elf/4.1.2/../../../../nios2-elf/lib/mno-hw-mul/libsmallc.a(lib_a-memcmp.o)
 .data          0x000027c4        0x0 /opt/altera/13.0sp1/nios2eds/bin/gnu/H-i686-pc-linux-gnu/bin/../lib/gcc/nios2-elf/4.1.2/../../../../nios2-elf/lib/mno-hw-mul/libsmallc.a(lib_a-strlen.o)
                0x0000a7c4                _gp = ABSOLUTE ((. + 0x8000))
                0x0000a7c4                PROVIDE (gp, _gp)
 *(.rwdata .rwdata.*)
 *(.sdata .sdata.* .gnu.linkonce.s.*)
 .sdata         0x000027c4        0xc obj/default/src_2/cpu_2.o
                0x000027c4                flag_offset_1
                0x000027c8                flag_offset_2
                0x000027cc                mem_offset
 .sdata         0x000027d0        0x4 ../../bsp/mpsoc_hello_mpsoc_2//libhal_bsp.a(alt_sys_init.o)
                0x000027d0                jtag_uart_2
 .sdata         0x000027d4        0x8 ../../bsp/mpsoc_hello_mpsoc_2//libhal_bsp.a(altera_avalon_mutex.o)
                0x000027d4                alt_mutex_list
 .sdata         0x000027dc        0x4 ../../bsp/mpsoc_hello_mpsoc_2//libhal_bsp.a(alt_errno.o)
                0x000027dc                alt_errno
 *(.sdata2 .sdata2.* .gnu.linkonce.s2.*)
                0x000027e0                . = ALIGN (0x4)
                0x000027e0                _edata = ABSOLUTE (.)
                0x000027e0                PROVIDE (edata, ABSOLUTE (.))
                0x000027e0                PROVIDE (__ram_rwdata_end, ABSOLUTE (.))
                0x000027e0                PROVIDE (__flash_rwdata_start, LOADADDR (.rwdata))

.bss            0x0000284c       0x10
                0x0000284c                __bss_start = ABSOLUTE (.)
                0x0000284c                PROVIDE (__sbss_start, ABSOLUTE (.))
                0x0000284c                PROVIDE (___sbss_start, ABSOLUTE (.))
 *(.dynsbss)
 *(.sbss .sbss.* .gnu.linkonce.sb.*)
 .sbss          0x0000284c        0xc ../../bsp/mpsoc_hello_mpsoc_2//libhal_bsp.a(alt_main.o)
                0x0000284c                alt_argc
                0x00002850                alt_argv
                0x00002854                alt_envp
 .sbss          0x00002858        0x4 /opt/altera/13.0sp1/nios2eds/bin/gnu/H-i686-pc-linux-gnu/bin/../lib/gcc/nios2-elf/4.1.2/../../../../nios2-elf/lib/mno-hw-mul/libsmallc.a(lib_a-int_errno.o)
                0x00002858                errno
 *(.sbss2 .sbss2.* .gnu.linkonce.sb2.*)
 *(.scommon)
                0x0000285c                PROVIDE (__sbss_end, ABSOLUTE (.))
                0x0000285c                PROVIDE (___sbss_end, ABSOLUTE (.))
 *(.dynbss)
 *(.bss .bss.* .gnu.linkonce.b.*)
 .bss           0x0000285c        0x0 ../../bsp/mpsoc_hello_mpsoc_2//obj/HAL/src/crt0.o
 .bss           0x0000285c        0x0 obj/default/src_2/cpu_2.o
 .bss           0x0000285c        0x0 obj/default/src_2/delay_asm.o
 .bss           0x0000285c        0x0 /opt/altera/13.0sp1/nios2eds/bin/gnu/H-i686-pc-linux-gnu/bin/../lib/gcc/nios2-elf/4.1.2/mno-hw-mul/libgcc.a(lib2-divmod.o)
 .bss           0x0000285c        0x0 ../../bsp/mpsoc_hello_mpsoc_2//libhal_bsp.a(alt_load.o)
 .bss           0x0000285c        0x0 ../../bsp/mpsoc_hello_mpsoc_2//libhal_bsp.a(alt_main.o)
 .bss           0x0000285c        0x0 ../../bsp/mpsoc_hello_mpsoc_2//libhal_bsp.a(alt_sys_init.o)
 .bss           0x0000285c        0x0 ../../bsp/mpsoc_hello_mpsoc_2//libhal_bsp.a(altera_avalon_mutex.o)
 .bss           0x0000285c        0x0 ../../bsp/mpsoc_hello_mpsoc_2//libhal_bsp.a(alt_dcache_flush_all.o)
 .bss           0x0000285c        0x0 ../../bsp/mpsoc_hello_mpsoc_2//libhal_bsp.a(alt_dev_llist_insert.o)
 .bss           0x0000285c        0x0 ../../bsp/mpsoc_hello_mpsoc_2//libhal_bsp.a(alt_errno.o)
 .bss           0x0000285c        0x0 ../../bsp/mpsoc_hello_mpsoc_2//libhal_bsp.a(alt_find_dev.o)
 .bss           0x0000285c        0x0 ../../bsp/mpsoc_hello_mpsoc_2//libhal_bsp.a(alt_icache_flush_all.o)
 .bss           0x0000285c        0x0 ../../bsp/mpsoc_hello_mpsoc_2//libhal_bsp.a(altera_nios2_qsys_irq.o)
 .bss           0x0000285c        0x0 /opt/altera/13.0sp1/nios2eds/bin/gnu/H-i686-pc-linux-gnu/bin/../lib/gcc/nios2-elf/4.1.2/../../../../nios2-elf/lib/mno-hw-mul/libsmallc.a(lib_a-int_errno.o)
 .bss           0x0000285c        0x0 /opt/altera/13.0sp1/nios2eds/bin/gnu/H-i686-pc-linux-gnu/bin/../lib/gcc/nios2-elf/4.1.2/../../../../nios2-elf/lib/mno-hw-mul/libsmallc.a(lib_a-memcmp.o)
 .bss           0x0000285c        0x0 /opt/altera/13.0sp1/nios2eds/bin/gnu/H-i686-pc-linux-gnu/bin/../lib/gcc/nios2-elf/4.1.2/../../../../nios2-elf/lib/mno-hw-mul/libsmallc.a(lib_a-strlen.o)
 *(COMMON)
                0x0000285c                . = ALIGN (0x4)
                0x0000285c                __bss_end = ABSOLUTE (.)

.onchip_2       0x0000285c        0x0
                0x0000285c                PROVIDE (_alt_partition_onchip_2_start, ABSOLUTE (.))
 *(.onchip_2. onchip_2.*)
                0x0000285c                . = ALIGN (0x4)
                0x0000285c                PROVIDE (_alt_partition_onchip_2_end, ABSOLUTE (.))
                0x0000285c                _end = ABSOLUTE (.)
                0x0000285c                end = ABSOLUTE (.)
                0x0000285c                __alt_stack_base = ABSOLUTE (.)
                0x0000285c                PROVIDE (_alt_partition_onchip_2_load_addr, LOADADDR (.onchip_2))

.shared_onchip  0x00102000        0x0 load address 0x0000285c
                0x00102000                PROVIDE (_alt_partition_shared_onchip_start, ABSOLUTE (.))
 *(.shared_onchip. shared_onchip.*)
                0x00102000                . = ALIGN (0x4)
                0x00102000                PROVIDE (_alt_partition_shared_onchip_end, ABSOLUTE (.))
                0x0000285c                PROVIDE (_alt_partition_shared_onchip_load_addr, LOADADDR (.shared_onchip))

.stab
 *(.stab)

.stabstr
 *(.stabstr)

.stab.excl
 *(.stab.excl)

.stab.exclstr
 *(.stab.exclstr)

.stab.index
 *(.stab.index)

.stab.indexstr
 *(.stab.indexstr)

.comment        0x00000000       0x26
 *(.comment)
 .comment       0x00000000       0x26 obj/default/src_2/cpu_2.o
                                 0x27 (size before relaxing)
 .comment       0x00000000       0x27 /opt/altera/13.0sp1/nios2eds/bin/gnu/H-i686-pc-linux-gnu/bin/../lib/gcc/nios2-elf/4.1.2/mno-hw-mul/libgcc.a(lib2-divmod.o)
 .comment       0x00000000       0x27 ../../bsp/mpsoc_hello_mpsoc_2//libhal_bsp.a(alt_load.o)
 .comment       0x00000000       0x27 ../../bsp/mpsoc_hello_mpsoc_2//libhal_bsp.a(alt_main.o)
 .comment       0x00000000       0x27 ../../bsp/mpsoc_hello_mpsoc_2//libhal_bsp.a(alt_sys_init.o)
 .comment       0x00000000       0x27 ../../bsp/mpsoc_hello_mpsoc_2//libhal_bsp.a(altera_avalon_mutex.o)
 .comment       0x00000000       0x27 ../../bsp/mpsoc_hello_mpsoc_2//libhal_bsp.a(alt_dcache_flush_all.o)
 .comment       0x00000000       0x27 ../../bsp/mpsoc_hello_mpsoc_2//libhal_bsp.a(alt_dev_llist_insert.o)
 .comment       0x00000000       0x27 ../../bsp/mpsoc_hello_mpsoc_2//libhal_bsp.a(alt_errno.o)
 .comment       0x00000000       0x27 ../../bsp/mpsoc_hello_mpsoc_2//libhal_bsp.a(alt_find_dev.o)
 .comment       0x00000000       0x27 ../../bsp/mpsoc_hello_mpsoc_2//libhal_bsp.a(alt_icache_flush_all.o)
 .comment       0x00000000       0x27 ../../bsp/mpsoc_hello_mpsoc_2//libhal_bsp.a(altera_nios2_qsys_irq.o)
 .comment       0x00000000       0x27 /opt/altera/13.0sp1/nios2eds/bin/gnu/H-i686-pc-linux-gnu/bin/../lib/gcc/nios2-elf/4.1.2/../../../../nios2-elf/lib/mno-hw-mul/libsmallc.a(lib_a-int_errno.o)
 .comment       0x00000000       0x27 /opt/altera/13.0sp1/nios2eds/bin/gnu/H-i686-pc-linux-gnu/bin/../lib/gcc/nios2-elf/4.1.2/../../../../nios2-elf/lib/mno-hw-mul/libsmallc.a(lib_a-memcmp.o)
 .comment       0x00000000       0x27 /opt/altera/13.0sp1/nios2eds/bin/gnu/H-i686-pc-linux-gnu/bin/../lib/gcc/nios2-elf/4.1.2/../../../../nios2-elf/lib/mno-hw-mul/libsmallc.a(lib_a-strlen.o)

.debug
 *(.debug)

.line
 *(.line)

.debug_srcinfo
 *(.debug_srcinfo)

.debug_sfnames
 *(.debug_sfnames)

.debug_aranges  0x00000000      0x1e8
 *(.debug_aranges)
 .debug_aranges
                0x00000000       0x28 ../../bsp/mpsoc_hello_mpsoc_2//obj/HAL/src/crt0.o
 .debug_aranges
                0x00000028       0x20 obj/default/src_2/cpu_2.o
 .debug_aranges
                0x00000048       0x20 obj/default/src_2/delay_asm.o
 .debug_aranges
                0x00000068       0x20 /opt/altera/13.0sp1/nios2eds/bin/gnu/H-i686-pc-linux-gnu/bin/../lib/gcc/nios2-elf/4.1.2/mno-hw-mul/libgcc.a(lib2-divmod.o)
 .debug_aranges
                0x00000088       0x20 ../../bsp/mpsoc_hello_mpsoc_2//libhal_bsp.a(alt_load.o)
 .debug_aranges
                0x000000a8       0x20 ../../bsp/mpsoc_hello_mpsoc_2//libhal_bsp.a(alt_main.o)
 .debug_aranges
                0x000000c8       0x20 ../../bsp/mpsoc_hello_mpsoc_2//libhal_bsp.a(alt_sys_init.o)
 .debug_aranges
                0x000000e8       0x20 ../../bsp/mpsoc_hello_mpsoc_2//libhal_bsp.a(altera_avalon_mutex.o)
 .debug_aranges
                0x00000108       0x20 ../../bsp/mpsoc_hello_mpsoc_2//libhal_bsp.a(alt_dcache_flush_all.o)
 .debug_aranges
                0x00000128       0x20 ../../bsp/mpsoc_hello_mpsoc_2//libhal_bsp.a(alt_dev_llist_insert.o)
 .debug_aranges
                0x00000148       0x20 ../../bsp/mpsoc_hello_mpsoc_2//libhal_bsp.a(alt_find_dev.o)
 .debug_aranges
                0x00000168       0x20 ../../bsp/mpsoc_hello_mpsoc_2//libhal_bsp.a(alt_icache_flush_all.o)
 .debug_aranges
                0x00000188       0x20 ../../bsp/mpsoc_hello_mpsoc_2//libhal_bsp.a(altera_nios2_qsys_irq.o)
 .debug_aranges
                0x000001a8       0x20 /opt/altera/13.0sp1/nios2eds/bin/gnu/H-i686-pc-linux-gnu/bin/../lib/gcc/nios2-elf/4.1.2/../../../../nios2-elf/lib/mno-hw-mul/libsmallc.a(lib_a-memcmp.o)
 .debug_aranges
                0x000001c8       0x20 /opt/altera/13.0sp1/nios2eds/bin/gnu/H-i686-pc-linux-gnu/bin/../lib/gcc/nios2-elf/4.1.2/../../../../nios2-elf/lib/mno-hw-mul/libsmallc.a(lib_a-strlen.o)

.debug_pubnames
                0x00000000      0x389
 *(.debug_pubnames)
 .debug_pubnames
                0x00000000       0x4e obj/default/src_2/cpu_2.o
 .debug_pubnames
                0x0000004e       0x48 /opt/altera/13.0sp1/nios2eds/bin/gnu/H-i686-pc-linux-gnu/bin/../lib/gcc/nios2-elf/4.1.2/mno-hw-mul/libgcc.a(lib2-divmod.o)
 .debug_pubnames
                0x00000096       0x1f ../../bsp/mpsoc_hello_mpsoc_2//libhal_bsp.a(alt_load.o)
 .debug_pubnames
                0x000000b5       0x46 ../../bsp/mpsoc_hello_mpsoc_2//libhal_bsp.a(alt_main.o)
 .debug_pubnames
                0x000000fb       0x44 ../../bsp/mpsoc_hello_mpsoc_2//libhal_bsp.a(alt_sys_init.o)
 .debug_pubnames
                0x0000013f       0xff ../../bsp/mpsoc_hello_mpsoc_2//libhal_bsp.a(altera_avalon_mutex.o)
 .debug_pubnames
                0x0000023e       0x2b ../../bsp/mpsoc_hello_mpsoc_2//libhal_bsp.a(alt_dcache_flush_all.o)
 .debug_pubnames
                0x00000269       0x2b ../../bsp/mpsoc_hello_mpsoc_2//libhal_bsp.a(alt_dev_llist_insert.o)
 .debug_pubnames
                0x00000294       0x20 ../../bsp/mpsoc_hello_mpsoc_2//libhal_bsp.a(alt_errno.o)
 .debug_pubnames
                0x000002b4       0x23 ../../bsp/mpsoc_hello_mpsoc_2//libhal_bsp.a(alt_find_dev.o)
 .debug_pubnames
                0x000002d7       0x2b ../../bsp/mpsoc_hello_mpsoc_2//libhal_bsp.a(alt_icache_flush_all.o)
 .debug_pubnames
                0x00000302       0x31 ../../bsp/mpsoc_hello_mpsoc_2//libhal_bsp.a(altera_nios2_qsys_irq.o)
 .debug_pubnames
                0x00000333       0x1c /opt/altera/13.0sp1/nios2eds/bin/gnu/H-i686-pc-linux-gnu/bin/../lib/gcc/nios2-elf/4.1.2/../../../../nios2-elf/lib/mno-hw-mul/libsmallc.a(lib_a-int_errno.o)
 .debug_pubnames
                0x0000034f       0x1d /opt/altera/13.0sp1/nios2eds/bin/gnu/H-i686-pc-linux-gnu/bin/../lib/gcc/nios2-elf/4.1.2/../../../../nios2-elf/lib/mno-hw-mul/libsmallc.a(lib_a-memcmp.o)
 .debug_pubnames
                0x0000036c       0x1d /opt/altera/13.0sp1/nios2eds/bin/gnu/H-i686-pc-linux-gnu/bin/../lib/gcc/nios2-elf/4.1.2/../../../../nios2-elf/lib/mno-hw-mul/libsmallc.a(lib_a-strlen.o)

.debug_info     0x00000000     0x1672
 *(.debug_info .gnu.linkonce.wi.*)
 .debug_info    0x00000000       0x6a ../../bsp/mpsoc_hello_mpsoc_2//obj/HAL/src/crt0.o
 .debug_info    0x0000006a      0x176 obj/default/src_2/cpu_2.o
 .debug_info    0x000001e0       0x69 obj/default/src_2/delay_asm.o
 .debug_info    0x00000249      0x21c /opt/altera/13.0sp1/nios2eds/bin/gnu/H-i686-pc-linux-gnu/bin/../lib/gcc/nios2-elf/4.1.2/mno-hw-mul/libgcc.a(lib2-divmod.o)
 .debug_info    0x00000465      0x12e ../../bsp/mpsoc_hello_mpsoc_2//libhal_bsp.a(alt_load.o)
 .debug_info    0x00000593      0x125 ../../bsp/mpsoc_hello_mpsoc_2//libhal_bsp.a(alt_main.o)
 .debug_info    0x000006b8      0x2cb ../../bsp/mpsoc_hello_mpsoc_2//libhal_bsp.a(alt_sys_init.o)
 .debug_info    0x00000983      0x399 ../../bsp/mpsoc_hello_mpsoc_2//libhal_bsp.a(altera_avalon_mutex.o)
 .debug_info    0x00000d1c       0x8d ../../bsp/mpsoc_hello_mpsoc_2//libhal_bsp.a(alt_dcache_flush_all.o)
 .debug_info    0x00000da9      0x1b7 ../../bsp/mpsoc_hello_mpsoc_2//libhal_bsp.a(alt_dev_llist_insert.o)
 .debug_info    0x00000f60       0xab ../../bsp/mpsoc_hello_mpsoc_2//libhal_bsp.a(alt_errno.o)
 .debug_info    0x0000100b      0x310 ../../bsp/mpsoc_hello_mpsoc_2//libhal_bsp.a(alt_find_dev.o)
 .debug_info    0x0000131b       0x8d ../../bsp/mpsoc_hello_mpsoc_2//libhal_bsp.a(alt_icache_flush_all.o)
 .debug_info    0x000013a8       0x8d ../../bsp/mpsoc_hello_mpsoc_2//libhal_bsp.a(altera_nios2_qsys_irq.o)
 .debug_info    0x00001435       0x8c /opt/altera/13.0sp1/nios2eds/bin/gnu/H-i686-pc-linux-gnu/bin/../lib/gcc/nios2-elf/4.1.2/../../../../nios2-elf/lib/mno-hw-mul/libsmallc.a(lib_a-int_errno.o)
 .debug_info    0x000014c1       0xef /opt/altera/13.0sp1/nios2eds/bin/gnu/H-i686-pc-linux-gnu/bin/../lib/gcc/nios2-elf/4.1.2/../../../../nios2-elf/lib/mno-hw-mul/libsmallc.a(lib_a-memcmp.o)
 .debug_info    0x000015b0       0xc2 /opt/altera/13.0sp1/nios2eds/bin/gnu/H-i686-pc-linux-gnu/bin/../lib/gcc/nios2-elf/4.1.2/../../../../nios2-elf/lib/mno-hw-mul/libsmallc.a(lib_a-strlen.o)

.debug_abbrev   0x00000000      0xa27
 *(.debug_abbrev)
 .debug_abbrev  0x00000000       0x12 ../../bsp/mpsoc_hello_mpsoc_2//obj/HAL/src/crt0.o
 .debug_abbrev  0x00000012       0xa5 obj/default/src_2/cpu_2.o
 .debug_abbrev  0x000000b7       0x14 obj/default/src_2/delay_asm.o
 .debug_abbrev  0x000000cb       0xe0 /opt/altera/13.0sp1/nios2eds/bin/gnu/H-i686-pc-linux-gnu/bin/../lib/gcc/nios2-elf/4.1.2/mno-hw-mul/libgcc.a(lib2-divmod.o)
 .debug_abbrev  0x000001ab       0x97 ../../bsp/mpsoc_hello_mpsoc_2//libhal_bsp.a(alt_load.o)
 .debug_abbrev  0x00000242       0xa6 ../../bsp/mpsoc_hello_mpsoc_2//libhal_bsp.a(alt_main.o)
 .debug_abbrev  0x000002e8      0x14d ../../bsp/mpsoc_hello_mpsoc_2//libhal_bsp.a(alt_sys_init.o)
 .debug_abbrev  0x00000435      0x1a2 ../../bsp/mpsoc_hello_mpsoc_2//libhal_bsp.a(altera_avalon_mutex.o)
 .debug_abbrev  0x000005d7       0x3f ../../bsp/mpsoc_hello_mpsoc_2//libhal_bsp.a(alt_dcache_flush_all.o)
 .debug_abbrev  0x00000616      0x117 ../../bsp/mpsoc_hello_mpsoc_2//libhal_bsp.a(alt_dev_llist_insert.o)
 .debug_abbrev  0x0000072d       0x5e ../../bsp/mpsoc_hello_mpsoc_2//libhal_bsp.a(alt_errno.o)
 .debug_abbrev  0x0000078b       0xed ../../bsp/mpsoc_hello_mpsoc_2//libhal_bsp.a(alt_find_dev.o)
 .debug_abbrev  0x00000878       0x3f ../../bsp/mpsoc_hello_mpsoc_2//libhal_bsp.a(alt_icache_flush_all.o)
 .debug_abbrev  0x000008b7       0x3f ../../bsp/mpsoc_hello_mpsoc_2//libhal_bsp.a(altera_nios2_qsys_irq.o)
 .debug_abbrev  0x000008f6       0x3b /opt/altera/13.0sp1/nios2eds/bin/gnu/H-i686-pc-linux-gnu/bin/../lib/gcc/nios2-elf/4.1.2/../../../../nios2-elf/lib/mno-hw-mul/libsmallc.a(lib_a-int_errno.o)
 .debug_abbrev  0x00000931       0x7c /opt/altera/13.0sp1/nios2eds/bin/gnu/H-i686-pc-linux-gnu/bin/../lib/gcc/nios2-elf/4.1.2/../../../../nios2-elf/lib/mno-hw-mul/libsmallc.a(lib_a-memcmp.o)
 .debug_abbrev  0x000009ad       0x7a /opt/altera/13.0sp1/nios2eds/bin/gnu/H-i686-pc-linux-gnu/bin/../lib/gcc/nios2-elf/4.1.2/../../../../nios2-elf/lib/mno-hw-mul/libsmallc.a(lib_a-strlen.o)

.debug_line     0x00000000     0x24b6
 *(.debug_line)
 .debug_line    0x00000000       0x66 ../../bsp/mpsoc_hello_mpsoc_2//obj/HAL/src/crt0.o
 .debug_line    0x00000066      0x2e0 obj/default/src_2/cpu_2.o
 .debug_line    0x00000346       0x46 obj/default/src_2/delay_asm.o
 .debug_line    0x0000038c      0x2c6 /opt/altera/13.0sp1/nios2eds/bin/gnu/H-i686-pc-linux-gnu/bin/../lib/gcc/nios2-elf/4.1.2/mno-hw-mul/libgcc.a(lib2-divmod.o)
 .debug_line    0x00000652      0x225 ../../bsp/mpsoc_hello_mpsoc_2//libhal_bsp.a(alt_load.o)
 .debug_line    0x00000877      0x2d0 ../../bsp/mpsoc_hello_mpsoc_2//libhal_bsp.a(alt_main.o)
 .debug_line    0x00000b47      0x34c ../../bsp/mpsoc_hello_mpsoc_2//libhal_bsp.a(alt_sys_init.o)
 .debug_line    0x00000e93      0x38e ../../bsp/mpsoc_hello_mpsoc_2//libhal_bsp.a(altera_avalon_mutex.o)
 .debug_line    0x00001221      0x1c3 ../../bsp/mpsoc_hello_mpsoc_2//libhal_bsp.a(alt_dcache_flush_all.o)
 .debug_line    0x000013e4      0x26a ../../bsp/mpsoc_hello_mpsoc_2//libhal_bsp.a(alt_dev_llist_insert.o)
 .debug_line    0x0000164e      0x1b8 ../../bsp/mpsoc_hello_mpsoc_2//libhal_bsp.a(alt_errno.o)
 .debug_line    0x00001806      0x26f ../../bsp/mpsoc_hello_mpsoc_2//libhal_bsp.a(alt_find_dev.o)
 .debug_line    0x00001a75      0x1c3 ../../bsp/mpsoc_hello_mpsoc_2//libhal_bsp.a(alt_icache_flush_all.o)
 .debug_line    0x00001c38      0x1dc ../../bsp/mpsoc_hello_mpsoc_2//libhal_bsp.a(altera_nios2_qsys_irq.o)
 .debug_line    0x00001e14      0x1e2 /opt/altera/13.0sp1/nios2eds/bin/gnu/H-i686-pc-linux-gnu/bin/../lib/gcc/nios2-elf/4.1.2/../../../../nios2-elf/lib/mno-hw-mul/libsmallc.a(lib_a-int_errno.o)
 .debug_line    0x00001ff6      0x270 /opt/altera/13.0sp1/nios2eds/bin/gnu/H-i686-pc-linux-gnu/bin/../lib/gcc/nios2-elf/4.1.2/../../../../nios2-elf/lib/mno-hw-mul/libsmallc.a(lib_a-memcmp.o)
 .debug_line    0x00002266      0x250 /opt/altera/13.0sp1/nios2eds/bin/gnu/H-i686-pc-linux-gnu/bin/../lib/gcc/nios2-elf/4.1.2/../../../../nios2-elf/lib/mno-hw-mul/libsmallc.a(lib_a-strlen.o)

.debug_frame    0x00000000      0x2f4
 *(.debug_frame)
 .debug_frame   0x00000000       0x38 obj/default/src_2/cpu_2.o
 .debug_frame   0x00000038       0x70 /opt/altera/13.0sp1/nios2eds/bin/gnu/H-i686-pc-linux-gnu/bin/../lib/gcc/nios2-elf/4.1.2/mno-hw-mul/libgcc.a(lib2-divmod.o)
 .debug_frame   0x000000a8       0x38 ../../bsp/mpsoc_hello_mpsoc_2//libhal_bsp.a(alt_load.o)
 .debug_frame   0x000000e0       0x28 ../../bsp/mpsoc_hello_mpsoc_2//libhal_bsp.a(alt_main.o)
 .debug_frame   0x00000108       0x50 ../../bsp/mpsoc_hello_mpsoc_2//libhal_bsp.a(alt_sys_init.o)
 .debug_frame   0x00000158       0xa4 ../../bsp/mpsoc_hello_mpsoc_2//libhal_bsp.a(altera_avalon_mutex.o)
 .debug_frame   0x000001fc       0x20 ../../bsp/mpsoc_hello_mpsoc_2//libhal_bsp.a(alt_dcache_flush_all.o)
 .debug_frame   0x0000021c       0x28 ../../bsp/mpsoc_hello_mpsoc_2//libhal_bsp.a(alt_dev_llist_insert.o)
 .debug_frame   0x00000244       0x30 ../../bsp/mpsoc_hello_mpsoc_2//libhal_bsp.a(alt_find_dev.o)
 .debug_frame   0x00000274       0x20 ../../bsp/mpsoc_hello_mpsoc_2//libhal_bsp.a(alt_icache_flush_all.o)
 .debug_frame   0x00000294       0x20 ../../bsp/mpsoc_hello_mpsoc_2//libhal_bsp.a(altera_nios2_qsys_irq.o)
 .debug_frame   0x000002b4       0x20 /opt/altera/13.0sp1/nios2eds/bin/gnu/H-i686-pc-linux-gnu/bin/../lib/gcc/nios2-elf/4.1.2/../../../../nios2-elf/lib/mno-hw-mul/libsmallc.a(lib_a-memcmp.o)
 .debug_frame   0x000002d4       0x20 /opt/altera/13.0sp1/nios2eds/bin/gnu/H-i686-pc-linux-gnu/bin/../lib/gcc/nios2-elf/4.1.2/../../../../nios2-elf/lib/mno-hw-mul/libsmallc.a(lib_a-strlen.o)

.debug_str      0x00000000      0x9e7
 *(.debug_str)
 .debug_str     0x00000000      0x11d obj/default/src_2/cpu_2.o
                                0x15b (size before relaxing)
 .debug_str     0x0000011d      0x110 /opt/altera/13.0sp1/nios2eds/bin/gnu/H-i686-pc-linux-gnu/bin/../lib/gcc/nios2-elf/4.1.2/mno-hw-mul/libgcc.a(lib2-divmod.o)
                                0x1b9 (size before relaxing)
 .debug_str     0x0000022d      0x12a ../../bsp/mpsoc_hello_mpsoc_2//libhal_bsp.a(alt_load.o)
                                0x1bf (size before relaxing)
 .debug_str     0x00000357       0x75 ../../bsp/mpsoc_hello_mpsoc_2//libhal_bsp.a(alt_main.o)
                                0x143 (size before relaxing)
 .debug_str     0x000003cc      0x16f ../../bsp/mpsoc_hello_mpsoc_2//libhal_bsp.a(alt_sys_init.o)
                                0x294 (size before relaxing)
 .debug_str     0x0000053b      0x109 ../../bsp/mpsoc_hello_mpsoc_2//libhal_bsp.a(altera_avalon_mutex.o)
                                0x277 (size before relaxing)
 .debug_str     0x00000644       0x34 ../../bsp/mpsoc_hello_mpsoc_2//libhal_bsp.a(alt_dcache_flush_all.o)
                                0x102 (size before relaxing)
 .debug_str     0x00000678       0x59 ../../bsp/mpsoc_hello_mpsoc_2//libhal_bsp.a(alt_dev_llist_insert.o)
                                0x179 (size before relaxing)
 .debug_str     0x000006d1       0x14 ../../bsp/mpsoc_hello_mpsoc_2//libhal_bsp.a(alt_errno.o)
                                 0xf2 (size before relaxing)
 .debug_str     0x000006e5       0x7f ../../bsp/mpsoc_hello_mpsoc_2//libhal_bsp.a(alt_find_dev.o)
                                0x199 (size before relaxing)
 .debug_str     0x00000764       0x34 ../../bsp/mpsoc_hello_mpsoc_2//libhal_bsp.a(alt_icache_flush_all.o)
                                0x102 (size before relaxing)
 .debug_str     0x00000798       0x3b ../../bsp/mpsoc_hello_mpsoc_2//libhal_bsp.a(altera_nios2_qsys_irq.o)
                                0x109 (size before relaxing)
 .debug_str     0x000007d3       0xe1 /opt/altera/13.0sp1/nios2eds/bin/gnu/H-i686-pc-linux-gnu/bin/../lib/gcc/nios2-elf/4.1.2/../../../../nios2-elf/lib/mno-hw-mul/libsmallc.a(lib_a-int_errno.o)
                                0x17c (size before relaxing)
 .debug_str     0x000008b4       0xee /opt/altera/13.0sp1/nios2eds/bin/gnu/H-i686-pc-linux-gnu/bin/../lib/gcc/nios2-elf/4.1.2/../../../../nios2-elf/lib/mno-hw-mul/libsmallc.a(lib_a-memcmp.o)
                                0x183 (size before relaxing)
 .debug_str     0x000009a2       0x45 /opt/altera/13.0sp1/nios2eds/bin/gnu/H-i686-pc-linux-gnu/bin/../lib/gcc/nios2-elf/4.1.2/../../../../nios2-elf/lib/mno-hw-mul/libsmallc.a(lib_a-strlen.o)
                                0x189 (size before relaxing)

.debug_loc      0x00000000      0x56d
 *(.debug_loc)
 .debug_loc     0x00000000       0x48 obj/default/src_2/cpu_2.o
 .debug_loc     0x00000048      0x1d2 /opt/altera/13.0sp1/nios2eds/bin/gnu/H-i686-pc-linux-gnu/bin/../lib/gcc/nios2-elf/4.1.2/mno-hw-mul/libgcc.a(lib2-divmod.o)
 .debug_loc     0x0000021a       0x1f ../../bsp/mpsoc_hello_mpsoc_2//libhal_bsp.a(alt_load.o)
 .debug_loc     0x00000239       0x1f ../../bsp/mpsoc_hello_mpsoc_2//libhal_bsp.a(alt_main.o)
 .debug_loc     0x00000258       0x64 ../../bsp/mpsoc_hello_mpsoc_2//libhal_bsp.a(alt_sys_init.o)
 .debug_loc     0x000002bc       0xd9 ../../bsp/mpsoc_hello_mpsoc_2//libhal_bsp.a(altera_avalon_mutex.o)
 .debug_loc     0x00000395       0x5b ../../bsp/mpsoc_hello_mpsoc_2//libhal_bsp.a(alt_dev_llist_insert.o)
 .debug_loc     0x000003f0       0xef ../../bsp/mpsoc_hello_mpsoc_2//libhal_bsp.a(alt_find_dev.o)
 .debug_loc     0x000004df       0x70 /opt/altera/13.0sp1/nios2eds/bin/gnu/H-i686-pc-linux-gnu/bin/../lib/gcc/nios2-elf/4.1.2/../../../../nios2-elf/lib/mno-hw-mul/libsmallc.a(lib_a-memcmp.o)
 .debug_loc     0x0000054f       0x1e /opt/altera/13.0sp1/nios2eds/bin/gnu/H-i686-pc-linux-gnu/bin/../lib/gcc/nios2-elf/4.1.2/../../../../nios2-elf/lib/mno-hw-mul/libsmallc.a(lib_a-strlen.o)

.debug_macinfo
 *(.debug_macinfo)

.debug_weaknames
 *(.debug_weaknames)

.debug_funcnames
 *(.debug_funcnames)

.debug_typenames
 *(.debug_typenames)

.debug_varnames
 *(.debug_varnames)

.debug_alt_sim_info
                0x00000000       0x10
 *(.debug_alt_sim_info)
 .debug_alt_sim_info
                0x00000000       0x10 ../../bsp/mpsoc_hello_mpsoc_2//obj/HAL/src/crt0.o
                0x00004000                __alt_data_end = 0x4000
                0x00004000                PROVIDE (__alt_stack_pointer, __alt_data_end)
                0x0000285c                PROVIDE (__alt_stack_limit, __alt_stack_base)
                0x0000285c                PROVIDE (__alt_heap_start, end)
                0x00004000                PROVIDE (__alt_heap_limit, 0x4000)
OUTPUT(hello_mpsoc_2.elf elf32-littlenios2)

.debug_ranges   0x00000000       0x38
 .debug_ranges  0x00000000       0x20 ../../bsp/mpsoc_hello_mpsoc_2//obj/HAL/src/crt0.o
 .debug_ranges  0x00000020       0x18 ../../bsp/mpsoc_hello_mpsoc_2//libhal_bsp.a(alt_dev_llist_insert.o)
